../Core/Src/main.c:94:5:main	8	static
../Core/Src/main.c:189:6:SystemClock_Config	88	static
../Core/Src/main.c:227:6:write_nibble	24	static
../Core/Src/main.c:241:6:kbd_get_print_key	24	static
../Core/Src/main.c:283:6:tone	32	static
../Core/Src/main.c:300:6:HAL_TIM_PeriodElapsedCallback	16	static
../Core/Src/main.c:306:6:get_passwords	32	static
../Core/Src/main.c:315:6:insert_password	24	static
../Core/Src/main.c:337:6:show_passwords	24	static
../Core/Src/main.c:351:6:Error_Handler	4	static,ignoring_inline_asm
