../Core/Src/main.c:102:5:main	8	static
../Core/Src/main.c:201:6:SystemClock_Config	88	static
../Core/Src/main.c:239:6:write_nibble	24	static
../Core/Src/main.c:253:6:kbd_get_print_key	24	static
../Core/Src/main.c:295:6:tone	32	static
../Core/Src/main.c:312:6:HAL_TIM_PeriodElapsedCallback	16	static
../Core/Src/main.c:318:6:show_menu	8	static
../Core/Src/main.c:327:6:exit_case	16	static
../Core/Src/main.c:338:6:get_passwords	32	static
../Core/Src/main.c:347:6:insert_password	24	static
../Core/Src/main.c:366:6:check_password	24	static
../Core/Src/main.c:390:6:show_passwords	48	static
../Core/Src/main.c:405:6:delete_password	32	static
../Core/Src/main.c:432:9:password_exist	24	static
../Core/Src/main.c:441:8:position_empty	32	static
../Core/Src/main.c:453:6:save_password	32	static
../Core/Src/main.c:486:6:Error_Handler	4	static,ignoring_inline_asm
