Archive member included to satisfy reference by file (symbol)

d:/archivos de programa/st/stm32cubeide_1.12.1/stm32cubeide/plugins/com.st.stm32cube.ide.mcu.externaltools.gnu-tools-for-stm32.10.3-2021.10.win32_1.0.200.202301161003/tools/bin/../lib/gcc/arm-none-eabi/10.3.1/../../../../arm-none-eabi/lib/thumb/v7e-m+fp/hard\libc_nano.a(lib_a-errno.o)
                              ./Core/Src/syscalls.o (__errno)
d:/archivos de programa/st/stm32cubeide_1.12.1/stm32cubeide/plugins/com.st.stm32cube.ide.mcu.externaltools.gnu-tools-for-stm32.10.3-2021.10.win32_1.0.200.202301161003/tools/bin/../lib/gcc/arm-none-eabi/10.3.1/../../../../arm-none-eabi/lib/thumb/v7e-m+fp/hard\libc_nano.a(lib_a-exit.o)
                              d:/archivos de programa/st/stm32cubeide_1.12.1/stm32cubeide/plugins/com.st.stm32cube.ide.mcu.externaltools.gnu-tools-for-stm32.10.3-2021.10.win32_1.0.200.202301161003/tools/bin/../lib/gcc/arm-none-eabi/10.3.1/../../../../arm-none-eabi/lib/thumb/v7e-m+fp/hard/crt0.o (exit)
d:/archivos de programa/st/stm32cubeide_1.12.1/stm32cubeide/plugins/com.st.stm32cube.ide.mcu.externaltools.gnu-tools-for-stm32.10.3-2021.10.win32_1.0.200.202301161003/tools/bin/../lib/gcc/arm-none-eabi/10.3.1/../../../../arm-none-eabi/lib/thumb/v7e-m+fp/hard\libc_nano.a(lib_a-impure.o)
                              d:/archivos de programa/st/stm32cubeide_1.12.1/stm32cubeide/plugins/com.st.stm32cube.ide.mcu.externaltools.gnu-tools-for-stm32.10.3-2021.10.win32_1.0.200.202301161003/tools/bin/../lib/gcc/arm-none-eabi/10.3.1/../../../../arm-none-eabi/lib/thumb/v7e-m+fp/hard\libc_nano.a(lib_a-exit.o) (_global_impure_ptr)
d:/archivos de programa/st/stm32cubeide_1.12.1/stm32cubeide/plugins/com.st.stm32cube.ide.mcu.externaltools.gnu-tools-for-stm32.10.3-2021.10.win32_1.0.200.202301161003/tools/bin/../lib/gcc/arm-none-eabi/10.3.1/../../../../arm-none-eabi/lib/thumb/v7e-m+fp/hard\libc_nano.a(lib_a-init.o)
                              d:/archivos de programa/st/stm32cubeide_1.12.1/stm32cubeide/plugins/com.st.stm32cube.ide.mcu.externaltools.gnu-tools-for-stm32.10.3-2021.10.win32_1.0.200.202301161003/tools/bin/../lib/gcc/arm-none-eabi/10.3.1/../../../../arm-none-eabi/lib/thumb/v7e-m+fp/hard/crt0.o (__libc_init_array)
d:/archivos de programa/st/stm32cubeide_1.12.1/stm32cubeide/plugins/com.st.stm32cube.ide.mcu.externaltools.gnu-tools-for-stm32.10.3-2021.10.win32_1.0.200.202301161003/tools/bin/../lib/gcc/arm-none-eabi/10.3.1/../../../../arm-none-eabi/lib/thumb/v7e-m+fp/hard\libc_nano.a(lib_a-memset.o)
                              d:/archivos de programa/st/stm32cubeide_1.12.1/stm32cubeide/plugins/com.st.stm32cube.ide.mcu.externaltools.gnu-tools-for-stm32.10.3-2021.10.win32_1.0.200.202301161003/tools/bin/../lib/gcc/arm-none-eabi/10.3.1/../../../../arm-none-eabi/lib/thumb/v7e-m+fp/hard/crt0.o (memset)
d:/archivos de programa/st/stm32cubeide_1.12.1/stm32cubeide/plugins/com.st.stm32cube.ide.mcu.externaltools.gnu-tools-for-stm32.10.3-2021.10.win32_1.0.200.202301161003/tools/bin/../lib/gcc/arm-none-eabi/10.3.1/../../../../arm-none-eabi/lib/thumb/v7e-m+fp/hard\libc_nano.a(lib_a-strlen.o)
                              ./xprintf/src/xprintf.o (strlen)
d:/archivos de programa/st/stm32cubeide_1.12.1/stm32cubeide/plugins/com.st.stm32cube.ide.mcu.externaltools.gnu-tools-for-stm32.10.3-2021.10.win32_1.0.200.202301161003/tools/bin/../lib/gcc/arm-none-eabi/10.3.1/thumb/v7e-m+fp/hard\libgcc.a(_arm_muldf3.o)
                              ./xprintf/src/xprintf.o (__aeabi_dmul)
d:/archivos de programa/st/stm32cubeide_1.12.1/stm32cubeide/plugins/com.st.stm32cube.ide.mcu.externaltools.gnu-tools-for-stm32.10.3-2021.10.win32_1.0.200.202301161003/tools/bin/../lib/gcc/arm-none-eabi/10.3.1/thumb/v7e-m+fp/hard\libgcc.a(_arm_addsubdf3.o)
                              ./xprintf/src/xprintf.o (__aeabi_dsub)
d:/archivos de programa/st/stm32cubeide_1.12.1/stm32cubeide/plugins/com.st.stm32cube.ide.mcu.externaltools.gnu-tools-for-stm32.10.3-2021.10.win32_1.0.200.202301161003/tools/bin/../lib/gcc/arm-none-eabi/10.3.1/thumb/v7e-m+fp/hard\libgcc.a(_arm_muldivdf3.o)
                              ./xprintf/src/xprintf.o (__aeabi_ddiv)
d:/archivos de programa/st/stm32cubeide_1.12.1/stm32cubeide/plugins/com.st.stm32cube.ide.mcu.externaltools.gnu-tools-for-stm32.10.3-2021.10.win32_1.0.200.202301161003/tools/bin/../lib/gcc/arm-none-eabi/10.3.1/thumb/v7e-m+fp/hard\libgcc.a(_arm_cmpdf2.o)
                              ./xprintf/src/xprintf.o (__aeabi_dcmpeq)
d:/archivos de programa/st/stm32cubeide_1.12.1/stm32cubeide/plugins/com.st.stm32cube.ide.mcu.externaltools.gnu-tools-for-stm32.10.3-2021.10.win32_1.0.200.202301161003/tools/bin/../lib/gcc/arm-none-eabi/10.3.1/thumb/v7e-m+fp/hard\libgcc.a(_arm_unorddf2.o)
                              ./xprintf/src/xprintf.o (__aeabi_dcmpun)
[...]
Memory Configuration

Name             Origin             Length             Attributes
RAM              0x0000000020000000 0x0000000000020000 xrw
FLASH            0x0000000008000000 0x0000000000080000 xr
*default*        0x0000000000000000 0xffffffffffffffff

Linker script and memory map

LOAD d:/archivos de programa/st/stm32cubeide_1.12.1/stm32cubeide/plugins/com.st.stm32cube.ide.mcu.externaltools.gnu-tools-for-stm32.10.3-2021.10.win32_1.0.200.202301161003/tools/bin/../lib/gcc/arm-none-eabi/10.3.1/thumb/v7e-m+fp/hard/crti.o
LOAD d:/archivos de programa/st/stm32cubeide_1.12.1/stm32cubeide/plugins/com.st.stm32cube.ide.mcu.externaltools.gnu-tools-for-stm32.10.3-2021.10.win32_1.0.200.202301161003/tools/bin/../lib/gcc/arm-none-eabi/10.3.1/thumb/v7e-m+fp/hard/crtbegin.o
LOAD d:/archivos de programa/st/stm32cubeide_1.12.1/stm32cubeide/plugins/com.st.stm32cube.ide.mcu.externaltools.gnu-tools-for-stm32.10.3-2021.10.win32_1.0.200.202301161003/tools/bin/../lib/gcc/arm-none-eabi/10.3.1/../../../../arm-none-eabi/lib/thumb/v7e-m+fp/hard/crt0.o
LOAD ./Core/Src/gpio.o
LOAD ./Core/Src/i2c.o
LOAD ./Core/Src/main.o
LOAD ./Core/Src/stm32f4xx_hal_msp.o
LOAD ./Core/Src/stm32f4xx_it.o
LOAD ./Core/Src/syscalls.o
LOAD ./Core/Src/sysmem.o
LOAD ./Core/Src/system_stm32f4xx.o
LOAD ./Core/Src/tim.o
LOAD ./Core/Src/usart.o
LOAD ./Core/Startup/startup_stm32f411ceux.o
LOAD ./Drivers/STM32F4xx_HAL_Driver/Src/stm32f4xx_hal.o
LOAD ./Drivers/STM32F4xx_HAL_Driver/Src/stm32f4xx_hal_cortex.o
LOAD ./Drivers/STM32F4xx_HAL_Driver/Src/stm32f4xx_hal_dma.o
LOAD ./Drivers/STM32F4xx_HAL_Driver/Src/stm32f4xx_hal_dma_ex.o
LOAD ./Drivers/STM32F4xx_HAL_Driver/Src/stm32f4xx_hal_exti.o
LOAD ./Drivers/STM32F4xx_HAL_Driver/Src/stm32f4xx_hal_flash.o
LOAD ./Drivers/STM32F4xx_HAL_Driver/Src/stm32f4xx_hal_flash_ex.o
LOAD ./Drivers/STM32F4xx_HAL_Driver/Src/stm32f4xx_hal_flash_ramfunc.o
LOAD ./Drivers/STM32F4xx_HAL_Driver/Src/stm32f4xx_hal_gpio.o
LOAD ./Drivers/STM32F4xx_HAL_Driver/Src/stm32f4xx_hal_i2c.o
LOAD ./Drivers/STM32F4xx_HAL_Driver/Src/stm32f4xx_hal_i2c_ex.o
LOAD ./Drivers/STM32F4xx_HAL_Driver/Src/stm32f4xx_hal_pwr.o
LOAD ./Drivers/STM32F4xx_HAL_Driver/Src/stm32f4xx_hal_pwr_ex.o
LOAD ./Drivers/STM32F4xx_HAL_Driver/Src/stm32f4xx_hal_rcc.o
LOAD ./Drivers/STM32F4xx_HAL_Driver/Src/stm32f4xx_hal_rcc_ex.o
LOAD ./Drivers/STM32F4xx_HAL_Driver/Src/stm32f4xx_hal_tim.o
LOAD ./Drivers/STM32F4xx_HAL_Driver/Src/stm32f4xx_hal_tim_ex.o
LOAD ./Drivers/STM32F4xx_HAL_Driver/Src/stm32f4xx_hal_uart.o
LOAD ./at24c_xxx/src/at24c_xxx.o
LOAD ./rgb_pwm/src/rgb_pwm.o
LOAD ./xprintf/src/edx_xprintf.o
LOAD ./xprintf/src/xprintf.o
START GROUP
LOAD d:/archivos de programa/st/stm32cubeide_1.12.1/stm32cubeide/plugins/com.st.stm32cube.ide.mcu.externaltools.gnu-tools-for-stm32.10.3-2021.10.win32_1.0.200.202301161003/tools/bin/../lib/gcc/arm-none-eabi/10.3.1/../../../../arm-none-eabi/lib/thumb/v7e-m+fp/hard\libc_nano.a
LOAD d:/archivos de programa/st/stm32cubeide_1.12.1/stm32cubeide/plugins/com.st.stm32cube.ide.mcu.externaltools.gnu-tools-for-stm32.10.3-2021.10.win32_1.0.200.202301161003/tools/bin/../lib/gcc/arm-none-eabi/10.3.1/../../../../arm-none-eabi/lib/thumb/v7e-m+fp/hard\libm.a
END GROUP
START GROUP
LOAD d:/archivos de programa/st/stm32cubeide_1.12.1/stm32cubeide/plugins/com.st.stm32cube.ide.mcu.externaltools.gnu-tools-for-stm32.10.3-2021.10.win32_1.0.200.202301161003/tools/bin/../lib/gcc/arm-none-eabi/10.3.1/thumb/v7e-m+fp/hard\libgcc.a
LOAD d:/archivos de programa/st/stm32cubeide_1.12.1/stm32cubeide/plugins/com.st.stm32cube.ide.mcu.externaltools.gnu-tools-for-stm32.10.3-2021.10.win32_1.0.200.202301161003/tools/bin/../lib/gcc/arm-none-eabi/10.3.1/../../../../arm-none-eabi/lib/thumb/v7e-m+fp/hard\libc_nano.a
END GROUP
START GROUP
LOAD d:/archivos de programa/st/stm32cubeide_1.12.1/stm32cubeide/plugins/com.st.stm32cube.ide.mcu.externaltools.gnu-tools-for-stm32.10.3-2021.10.win32_1.0.200.202301161003/tools/bin/../lib/gcc/arm-none-eabi/10.3.1/thumb/v7e-m+fp/hard\libgcc.a
LOAD d:/archivos de programa/st/stm32cubeide_1.12.1/stm32cubeide/plugins/com.st.stm32cube.ide.mcu.externaltools.gnu-tools-for-stm32.10.3-2021.10.win32_1.0.200.202301161003/tools/bin/../lib/gcc/arm-none-eabi/10.3.1/../../../../arm-none-eabi/lib/thumb/v7e-m+fp/hard\libc_nano.a
LOAD d:/archivos de programa/st/stm32cubeide_1.12.1/stm32cubeide/plugins/com.st.stm32cube.ide.mcu.externaltools.gnu-tools-for-stm32.10.3-2021.10.win32_1.0.200.202301161003/tools/bin/../lib/gcc/arm-none-eabi/10.3.1/../../../../arm-none-eabi/lib/thumb/v7e-m+fp/hard\libnosys.a
END GROUP
START GROUP
LOAD d:/archivos de programa/st/stm32cubeide_1.12.1/stm32cubeide/plugins/com.st.stm32cube.ide.mcu.externaltools.gnu-tools-for-stm32.10.3-2021.10.win32_1.0.200.202301161003/tools/bin/../lib/gcc/arm-none-eabi/10.3.1/thumb/v7e-m+fp/hard\libgcc.a
LOAD d:/archivos de programa/st/stm32cubeide_1.12.1/stm32cubeide/plugins/com.st.stm32cube.ide.mcu.externaltools.gnu-tools-for-stm32.10.3-2021.10.win32_1.0.200.202301161003/tools/bin/../lib/gcc/arm-none-eabi/10.3.1/../../../../arm-none-eabi/lib/thumb/v7e-m+fp/hard\libc_nano.a
LOAD d:/archivos de programa/st/stm32cubeide_1.12.1/stm32cubeide/plugins/com.st.stm32cube.ide.mcu.externaltools.gnu-tools-for-stm32.10.3-2021.10.win32_1.0.200.202301161003/tools/bin/../lib/gcc/arm-none-eabi/10.3.1/../../../../arm-none-eabi/lib/thumb/v7e-m+fp/hard\libnosys.a
END GROUP
LOAD d:/archivos de programa/st/stm32cubeide_1.12.1/stm32cubeide/plugins/com.st.stm32cube.ide.mcu.externaltools.gnu-tools-for-stm32.10.3-2021.10.win32_1.0.200.202301161003/tools/bin/../lib/gcc/arm-none-eabi/10.3.1/thumb/v7e-m+fp/hard/crtend.o
LOAD d:/archivos de programa/st/stm32cubeide_1.12.1/stm32cubeide/plugins/com.st.stm32cube.ide.mcu.externaltools.gnu-tools-for-stm32.10.3-2021.10.win32_1.0.200.202301161003/tools/bin/../lib/gcc/arm-none-eabi/10.3.1/thumb/v7e-m+fp/hard/crtn.o
                0x0000000020020000                _estack = (ORIGIN (RAM) + LENGTH (RAM))
                0x0000000000000200                _Min_Heap_Size = 0x200
                0x0000000000000400                _Min_Stack_Size = 0x400

.isr_vector     0x0000000008000000      0x198
                0x0000000008000000                . = ALIGN (0x4)
 *(.isr_vector)
 .isr_vector    0x0000000008000000      0x198 ./Core/Startup/startup_stm32f411ceux.o
                0x0000000008000000                g_pfnVectors
                0x0000000008000198                . = ALIGN (0x4)

.text           0x0000000008000198     0x5f58
                0x0000000008000198                . = ALIGN (0x4)
 *(.text)
 .text          0x0000000008000198       0x40 d:/archivos de programa/st/stm32cubeide_1.12.1/stm32cubeide/plugins/com.st.stm32cube.ide.mcu.externaltools.gnu-tools-for-stm32.10.3-2021.10.win32_1.0.200.202301161003/tools/bin/../lib/gcc/arm-none-eabi/10.3.1/thumb/v7e-m+fp/hard/crtbegin.o
 .text          0x00000000080001d8       0x10 d:/archivos de programa/st/stm32cubeide_1.12.1/stm32cubeide/plugins/com.st.stm32cube.ide.mcu.externaltools.gnu-tools-for-stm32.10.3-2021.10.win32_1.0.200.202301161003/tools/bin/../lib/gcc/arm-none-eabi/10.3.1/../../../../arm-none-eabi/lib/thumb/v7e-m+fp/hard\libc_nano.a(lib_a-strlen.o)
                0x00000000080001d8                strlen
 .text          0x00000000080001e8      0x378 d:/archivos de programa/st/stm32cubeide_1.12.1/stm32cubeide/plugins/com.st.stm32cube.ide.mcu.externaltools.gnu-tools-for-stm32.10.3-2021.10.win32_1.0.200.202301161003/tools/bin/../lib/gcc/arm-none-eabi/10.3.1/thumb/v7e-m+fp/hard\libgcc.a(_arm_addsubdf3.o)
                0x00000000080001e8                __aeabi_drsub
                0x00000000080001f0                __aeabi_dsub
                0x00000000080001f0                __subdf3
                0x00000000080001f4                __aeabi_dadd
                0x00000000080001f4                __adddf3
                0x000000000800046c                __floatunsidf
                0x000000000800046c                __aeabi_ui2d
                0x000000000800048c                __floatsidf
                0x000000000800048c                __aeabi_i2d
                0x00000000080004b0                __aeabi_f2d
                0x00000000080004b0                __extendsfdf2
                0x00000000080004f4                __floatundidf
                0x00000000080004f4                __aeabi_ul2d
                0x0000000008000504                __floatdidf
                0x0000000008000504                __aeabi_l2d
 .text          0x0000000008000560      0x424 d:/archivos de programa/st/stm32cubeide_1.12.1/stm32cubeide/plugins/com.st.stm32cube.ide.mcu.externaltools.gnu-tools-for-stm32.10.3-2021.10.win32_1.0.200.202301161003/tools/bin/../lib/gcc/arm-none-eabi/10.3.1/thumb/v7e-m+fp/hard\libgcc.a(_arm_muldivdf3.o)
                0x0000000008000560                __aeabi_dmul
                0x0000000008000560                __muldf3
                0x00000000080007b4                __divdf3
                0x00000000080007b4                __aeabi_ddiv
 .text          0x0000000008000984      0x110 d:/archivos de programa/st/stm32cubeide_1.12.1/stm32cubeide/plugins/com.st.stm32cube.ide.mcu.externaltools.gnu-tools-for-stm32.10.3-2021.10.win32_1.0.200.202301161003/tools/bin/../lib/gcc/arm-none-eabi/10.3.1/thumb/v7e-m+fp/hard\libgcc.a(_arm_cmpdf2.o)
                0x0000000008000984                __gtdf2
                0x0000000008000984                __gedf2
                0x000000000800098c                __ltdf2
                0x000000000800098c                __ledf2
                0x0000000008000994                __nedf2
                0x0000000008000994                __eqdf2
                0x0000000008000994                __cmpdf2
                0x0000000008000a10                __aeabi_cdrcmple
                0x0000000008000a20                __aeabi_cdcmpeq
                0x0000000008000a20                __aeabi_cdcmple
                0x0000000008000a30                __aeabi_dcmpeq
                0x0000000008000a44                __aeabi_dcmplt
                0x0000000008000a58                __aeabi_dcmple
                0x0000000008000a6c                __aeabi_dcmpge
                0x0000000008000a80                __aeabi_dcmpgt
 .text          0x0000000008000a94       0x2c d:/archivos de programa/st/stm32cubeide_1.12.1/stm32cubeide/plugins/com.st.stm32cube.ide.mcu.externaltools.gnu-tools-for-stm32.10.3-2021.10.win32_1.0.200.202301161003/tools/bin/../lib/gcc/arm-none-eabi/10.3.1/thumb/v7e-m+fp/hard\libgcc.a(_arm_unorddf2.o)
                0x0000000008000a94                __unorddf2
                0x0000000008000a94                __aeabi_dcmpun
 .text          0x0000000008000ac0       0x50 d:/archivos de programa/st/stm32cubeide_1.12.1/stm32cubeide/plugins/com.st.stm32cube.ide.mcu.externaltools.gnu-tools-for-stm32.10.3-2021.10.win32_1.0.200.202301161003/tools/bin/../lib/gcc/arm-none-eabi/10.3.1/thumb/v7e-m+fp/hard\libgcc.a(_arm_fixdfsi.o)
                0x0000000008000ac0                __aeabi_d2iz
                0x0000000008000ac0                __fixdfsi
 .text          0x0000000008000b10       0x30 d:/archivos de programa/st/stm32cubeide_1.12.1/stm32cubeide/plugins/com.st.stm32cube.ide.mcu.externaltools.gnu-tools-for-stm32.10.3-2021.10.win32_1.0.200.202301161003/tools/bin/../lib/gcc/arm-none-eabi/10.3.1/thumb/v7e-m+fp/hard\libgcc.a(_aeabi_uldivmod.o)
                0x0000000008000b10                __aeabi_uldivmod
 .text          0x0000000008000b40      0x2d0 d:/archivos de programa/st/stm32cubeide_1.12.1/stm32cubeide/plugins/com.st.stm32cube.ide.mcu.externaltools.gnu-tools-for-stm32.10.3-2021.10.win32_1.0.200.202301161003/tools/bin/../lib/gcc/arm-none-eabi/10.3.1/thumb/v7e-m+fp/hard\libgcc.a(_udivmoddi4.o)
                0x0000000008000b40                __udivmoddi4
 .text          0x0000000008000e10        0x4 d:/archivos de programa/st/stm32cubeide_1.12.1/stm32cubeide/plugins/com.st.stm32cube.ide.mcu.externaltools.gnu-tools-for-stm32.10.3-2021.10.win32_1.0.200.202301161003/tools/bin/../lib/gcc/arm-none-eabi/10.3.1/thumb/v7e-m+fp/hard\libgcc.a(_dvmd_tls.o)
                0x0000000008000e10                __aeabi_idiv0
                0x0000000008000e10                __aeabi_ldiv0
 *(.text*)
 .text.MX_GPIO_Init
                0x0000000008000e14      0x100 ./Core/Src/gpio.o
                0x0000000008000e14                MX_GPIO_Init
 .text.MX_I2C1_Init
                0x0000000008000f14       0x5c ./Core/Src/i2c.o
                0x0000000008000f14                MX_I2C1_Init
 .text.HAL_I2C_MspInit
                0x0000000008000f70       0x90 ./Core/Src/i2c.o
                0x0000000008000f70                HAL_I2C_MspInit
 .text.main     0x0000000008001000      0x160 ./Core/Src/main.o
                0x0000000008001000                main
 .text.SystemClock_Config
                0x0000000008001160       0xbc ./Core/Src/main.o
                0x0000000008001160                SystemClock_Config
 .text.write_nibble
                0x000000000800121c       0x74 ./Core/Src/main.o
                0x000000000800121c                write_nibble
 .text.kbd_get_print_key
                0x0000000008001290      0x124 ./Core/Src/main.o
                0x0000000008001290                kbd_get_print_key
 .text.tone     0x00000000080013b4       0x70 ./Core/Src/main.o
                0x00000000080013b4                tone
 .text.HAL_TIM_PeriodElapsedCallback
                0x0000000008001424       0x2c ./Core/Src/main.o
                0x0000000008001424                HAL_TIM_PeriodElapsedCallback
 .text.show_menu
                0x0000000008001450       0x40 ./Core/Src/main.o
                0x0000000008001450                show_menu
 .text.exit_case
                0x0000000008001490       0x3c ./Core/Src/main.o
                0x0000000008001490                exit_case
 .text.get_passwords
                0x00000000080014cc       0x58 ./Core/Src/main.o
                0x00000000080014cc                get_passwords
 .text.insert_password
                0x0000000008001524       0x78 ./Core/Src/main.o
                0x0000000008001524                insert_password
 .text.check_password
                0x000000000800159c       0x8c ./Core/Src/main.o
                0x000000000800159c                check_password
 .text.show_passwords
                0x0000000008001628       0xa8 ./Core/Src/main.o
                0x0000000008001628                show_passwords
 .text.delete_password
                0x00000000080016d0       0xdc ./Core/Src/main.o
                0x00000000080016d0                delete_password
 .text.password_exist
                0x00000000080017ac       0x3e ./Core/Src/main.o
                0x00000000080017ac                password_exist
 .text.position_empty
                0x00000000080017ea       0x72 ./Core/Src/main.o
                0x00000000080017ea                position_empty
 .text.save_password
                0x000000000800185c       0xc0 ./Core/Src/main.o
                0x000000000800185c                save_password
 .text.Error_Handler
                0x000000000800191c        0xa ./Core/Src/main.o
                0x000000000800191c                Error_Handler
 *fill*         0x0000000008001926        0x2 
 .text.HAL_MspInit
                0x0000000008001928       0x50 ./Core/Src/stm32f4xx_hal_msp.o
                0x0000000008001928                HAL_MspInit
 .text.NMI_Handler
                0x0000000008001978        0x6 ./Core/Src/stm32f4xx_it.o
                0x0000000008001978                NMI_Handler
 .text.HardFault_Handler
                0x000000000800197e        0x6 ./Core/Src/stm32f4xx_it.o
                0x000000000800197e                HardFault_Handler
 .text.MemManage_Handler
                0x0000000008001984        0x6 ./Core/Src/stm32f4xx_it.o
                0x0000000008001984                MemManage_Handler
 .text.BusFault_Handler
                0x000000000800198a        0x6 ./Core/Src/stm32f4xx_it.o
                0x000000000800198a                BusFault_Handler
 .text.UsageFault_Handler
                0x0000000008001990        0x6 ./Core/Src/stm32f4xx_it.o
                0x0000000008001990                UsageFault_Handler
 .text.SVC_Handler
                0x0000000008001996        0xe ./Core/Src/stm32f4xx_it.o
                0x0000000008001996                SVC_Handler
 .text.DebugMon_Handler
                0x00000000080019a4        0xe ./Core/Src/stm32f4xx_it.o
                0x00000000080019a4                DebugMon_Handler
 .text.PendSV_Handler
                0x00000000080019b2        0xe ./Core/Src/stm32f4xx_it.o
                0x00000000080019b2                PendSV_Handler
 .text.SysTick_Handler
                0x00000000080019c0        0xc ./Core/Src/stm32f4xx_it.o
                0x00000000080019c0                SysTick_Handler
 .text.TIM3_IRQHandler
                0x00000000080019cc       0x14 ./Core/Src/stm32f4xx_it.o
                0x00000000080019cc                TIM3_IRQHandler
 .text.SystemInit
                0x00000000080019e0       0x24 ./Core/Src/system_stm32f4xx.o
                0x00000000080019e0                SystemInit
 .text.MX_TIM2_Init
                0x0000000008001a04      0x114 ./Core/Src/tim.o
                0x0000000008001a04                MX_TIM2_Init
 .text.MX_TIM3_Init
                0x0000000008001b18       0x9c ./Core/Src/tim.o
                0x0000000008001b18                MX_TIM3_Init
 .text.HAL_TIM_Base_MspInit
                0x0000000008001bb4       0x78 ./Core/Src/tim.o
                0x0000000008001bb4                HAL_TIM_Base_MspInit
 .text.HAL_TIM_MspPostInit
                0x0000000008001c2c       0xb4 ./Core/Src/tim.o
                0x0000000008001c2c                HAL_TIM_MspPostInit
 .text.MX_USART1_UART_Init
                0x0000000008001ce0       0x54 ./Core/Src/usart.o
                0x0000000008001ce0                MX_USART1_UART_Init
 .text.HAL_UART_MspInit
                0x0000000008001d34       0x90 ./Core/Src/usart.o
                0x0000000008001d34                HAL_UART_MspInit
 .text.Reset_Handler
                0x0000000008001dc4       0x50 ./Core/Startup/startup_stm32f411ceux.o
                0x0000000008001dc4                Reset_Handler
 .text.Default_Handler
                0x0000000008001e14        0x2 ./Core/Startup/startup_stm32f411ceux.o
                0x0000000008001e14                RTC_Alarm_IRQHandler
                0x0000000008001e14                EXTI2_IRQHandler
                0x0000000008001e14                SPI4_IRQHandler
                0x0000000008001e14                TIM1_CC_IRQHandler
                0x0000000008001e14                DMA2_Stream5_IRQHandler
                0x0000000008001e14                DMA1_Stream5_IRQHandler
                0x0000000008001e14                PVD_IRQHandler
                0x0000000008001e14                SDIO_IRQHandler
                0x0000000008001e14                TAMP_STAMP_IRQHandler
                0x0000000008001e14                EXTI3_IRQHandler
                0x0000000008001e14                TIM1_UP_TIM10_IRQHandler
                0x0000000008001e14                I2C3_ER_IRQHandler
                0x0000000008001e14                EXTI0_IRQHandler
                0x0000000008001e14                I2C2_EV_IRQHandler
                0x0000000008001e14                DMA1_Stream2_IRQHandler
                0x0000000008001e14                FPU_IRQHandler
                0x0000000008001e14                DMA2_Stream2_IRQHandler
                0x0000000008001e14                SPI1_IRQHandler
                0x0000000008001e14                TIM1_BRK_TIM9_IRQHandler
                0x0000000008001e14                DMA2_Stream3_IRQHandler
                0x0000000008001e14                USART6_IRQHandler
                0x0000000008001e14                DMA2_Stream0_IRQHandler
                0x0000000008001e14                TIM4_IRQHandler
                0x0000000008001e14                I2C1_EV_IRQHandler
                0x0000000008001e14                DMA1_Stream6_IRQHandler
                0x0000000008001e14                DMA1_Stream1_IRQHandler
                0x0000000008001e14                RCC_IRQHandler
                0x0000000008001e14                Default_Handler
                0x0000000008001e14                EXTI15_10_IRQHandler
                0x0000000008001e14                ADC_IRQHandler
                0x0000000008001e14                DMA1_Stream7_IRQHandler
                0x0000000008001e14                SPI5_IRQHandler
                0x0000000008001e14                TIM5_IRQHandler
                0x0000000008001e14                DMA2_Stream7_IRQHandler
                0x0000000008001e14                I2C3_EV_IRQHandler
                0x0000000008001e14                EXTI9_5_IRQHandler
                0x0000000008001e14                RTC_WKUP_IRQHandler
                0x0000000008001e14                SPI2_IRQHandler
                0x0000000008001e14                DMA1_Stream0_IRQHandler
                0x0000000008001e14                EXTI4_IRQHandler
                0x0000000008001e14                WWDG_IRQHandler
                0x0000000008001e14                TIM2_IRQHandler
                0x0000000008001e14                OTG_FS_WKUP_IRQHandler
                0x0000000008001e14                TIM1_TRG_COM_TIM11_IRQHandler
                0x0000000008001e14                EXTI1_IRQHandler
                0x0000000008001e14                USART2_IRQHandler
                0x0000000008001e14                I2C2_ER_IRQHandler
                0x0000000008001e14                DMA2_Stream1_IRQHandler
                0x0000000008001e14                FLASH_IRQHandler
                0x0000000008001e14                DMA2_Stream4_IRQHandler
                0x0000000008001e14                USART1_IRQHandler
                0x0000000008001e14                OTG_FS_IRQHandler
                0x0000000008001e14                SPI3_IRQHandler
                0x0000000008001e14                DMA1_Stream4_IRQHandler
                0x0000000008001e14                I2C1_ER_IRQHandler
                0x0000000008001e14                DMA2_Stream6_IRQHandler
                0x0000000008001e14                DMA1_Stream3_IRQHandler
 *fill*         0x0000000008001e16        0x2 
 .text.HAL_Init
                0x0000000008001e18       0x44 ./Drivers/STM32F4xx_HAL_Driver/Src/stm32f4xx_hal.o
                0x0000000008001e18                HAL_Init
 .text.HAL_InitTick
                0x0000000008001e5c       0x60 ./Drivers/STM32F4xx_HAL_Driver/Src/stm32f4xx_hal.o
                0x0000000008001e5c                HAL_InitTick
 .text.HAL_IncTick
                0x0000000008001ebc       0x28 ./Drivers/STM32F4xx_HAL_Driver/Src/stm32f4xx_hal.o
                0x0000000008001ebc                HAL_IncTick
 .text.HAL_GetTick
                0x0000000008001ee4       0x18 ./Drivers/STM32F4xx_HAL_Driver/Src/stm32f4xx_hal.o
                0x0000000008001ee4                HAL_GetTick
 .text.HAL_Delay
                0x0000000008001efc       0x48 ./Drivers/STM32F4xx_HAL_Driver/Src/stm32f4xx_hal.o
                0x0000000008001efc                HAL_Delay
 .text.__NVIC_SetPriorityGrouping
                0x0000000008001f44       0x48 ./Drivers/STM32F4xx_HAL_Driver/Src/stm32f4xx_hal_cortex.o
 .text.__NVIC_GetPriorityGrouping
                0x0000000008001f8c       0x1c ./Drivers/STM32F4xx_HAL_Driver/Src/stm32f4xx_hal_cortex.o
 .text.__NVIC_EnableIRQ
                0x0000000008001fa8       0x3c ./Drivers/STM32F4xx_HAL_Driver/Src/stm32f4xx_hal_cortex.o
 .text.__NVIC_SetPriority
                0x0000000008001fe4       0x54 ./Drivers/STM32F4xx_HAL_Driver/Src/stm32f4xx_hal_cortex.o
 .text.NVIC_EncodePriority
                0x0000000008002038       0x66 ./Drivers/STM32F4xx_HAL_Driver/Src/stm32f4xx_hal_cortex.o
 *fill*         0x000000000800209e        0x2 
 .text.SysTick_Config
                0x00000000080020a0       0x44 ./Drivers/STM32F4xx_HAL_Driver/Src/stm32f4xx_hal_cortex.o
 .text.HAL_NVIC_SetPriorityGrouping
                0x00000000080020e4       0x16 ./Drivers/STM32F4xx_HAL_Driver/Src/stm32f4xx_hal_cortex.o
                0x00000000080020e4                HAL_NVIC_SetPriorityGrouping
 .text.HAL_NVIC_SetPriority
                0x00000000080020fa       0x38 ./Drivers/STM32F4xx_HAL_Driver/Src/stm32f4xx_hal_cortex.o
                0x00000000080020fa                HAL_NVIC_SetPriority
 .text.HAL_NVIC_EnableIRQ
                0x0000000008002132       0x1c ./Drivers/STM32F4xx_HAL_Driver/Src/stm32f4xx_hal_cortex.o
                0x0000000008002132                HAL_NVIC_EnableIRQ
 .text.HAL_SYSTICK_Config
                0x000000000800214e       0x18 ./Drivers/STM32F4xx_HAL_Driver/Src/stm32f4xx_hal_cortex.o
                0x000000000800214e                HAL_SYSTICK_Config
 *fill*         0x0000000008002166        0x2 
 .text.HAL_GPIO_Init
                0x0000000008002168      0x308 ./Drivers/STM32F4xx_HAL_Driver/Src/stm32f4xx_hal_gpio.o
                0x0000000008002168                HAL_GPIO_Init
 .text.HAL_GPIO_ReadPin
                0x0000000008002470       0x30 ./Drivers/STM32F4xx_HAL_Driver/Src/stm32f4xx_hal_gpio.o
                0x0000000008002470                HAL_GPIO_ReadPin
 .text.HAL_GPIO_WritePin
                0x00000000080024a0       0x32 ./Drivers/STM32F4xx_HAL_Driver/Src/stm32f4xx_hal_gpio.o
                0x00000000080024a0                HAL_GPIO_WritePin
 .text.HAL_GPIO_TogglePin
                0x00000000080024d2       0x34 ./Drivers/STM32F4xx_HAL_Driver/Src/stm32f4xx_hal_gpio.o
                0x00000000080024d2                HAL_GPIO_TogglePin
 *fill*         0x0000000008002506        0x2 
 .text.HAL_I2C_Init
                0x0000000008002508      0x288 ./Drivers/STM32F4xx_HAL_Driver/Src/stm32f4xx_hal_i2c.o
                0x0000000008002508                HAL_I2C_Init
 .text.HAL_I2C_Master_Transmit
                0x0000000008002790      0x1fc ./Drivers/STM32F4xx_HAL_Driver/Src/stm32f4xx_hal_i2c.o
                0x0000000008002790                HAL_I2C_Master_Transmit
 .text.HAL_I2C_Master_Receive
                0x000000000800298c      0x44c ./Drivers/STM32F4xx_HAL_Driver/Src/stm32f4xx_hal_i2c.o
                0x000000000800298c                HAL_I2C_Master_Receive
 .text.I2C_MasterRequestWrite
                0x0000000008002dd8      0x104 ./Drivers/STM32F4xx_HAL_Driver/Src/stm32f4xx_hal_i2c.o
 .text.I2C_MasterRequestRead
                0x0000000008002edc      0x19c ./Drivers/STM32F4xx_HAL_Driver/Src/stm32f4xx_hal_i2c.o
 .text.I2C_WaitOnFlagUntilTimeout
                0x0000000008003078       0xae ./Drivers/STM32F4xx_HAL_Driver/Src/stm32f4xx_hal_i2c.o
 .text.I2C_WaitOnMasterAddressFlagUntilTimeout
                0x0000000008003126       0xfe ./Drivers/STM32F4xx_HAL_Driver/Src/stm32f4xx_hal_i2c.o
 .text.I2C_WaitOnTXEFlagUntilTimeout
                0x0000000008003224       0x82 ./Drivers/STM32F4xx_HAL_Driver/Src/stm32f4xx_hal_i2c.o
 .text.I2C_WaitOnBTFFlagUntilTimeout
                0x00000000080032a6       0x82 ./Drivers/STM32F4xx_HAL_Driver/Src/stm32f4xx_hal_i2c.o
 .text.I2C_WaitOnRXNEFlagUntilTimeout
                0x0000000008003328       0xac ./Drivers/STM32F4xx_HAL_Driver/Src/stm32f4xx_hal_i2c.o
 .text.I2C_IsAcknowledgeFailed
                0x00000000080033d4       0x5e ./Drivers/STM32F4xx_HAL_Driver/Src/stm32f4xx_hal_i2c.o
 *fill*         0x0000000008003432        0x2 
 .text.HAL_RCC_OscConfig
                0x0000000008003434      0x4f0 ./Drivers/STM32F4xx_HAL_Driver/Src/stm32f4xx_hal_rcc.o
                0x0000000008003434                HAL_RCC_OscConfig
 .text.HAL_RCC_ClockConfig
                0x0000000008003924      0x1cc ./Drivers/STM32F4xx_HAL_Driver/Src/stm32f4xx_hal_rcc.o
                0x0000000008003924                HAL_RCC_ClockConfig
 .text.HAL_RCC_GetSysClockFreq
                0x0000000008003af0      0x18c ./Drivers/STM32F4xx_HAL_Driver/Src/stm32f4xx_hal_rcc.o
                0x0000000008003af0                HAL_RCC_GetSysClockFreq
 .text.HAL_RCC_GetHCLKFreq
                0x0000000008003c7c       0x18 ./Drivers/STM32F4xx_HAL_Driver/Src/stm32f4xx_hal_rcc.o
                0x0000000008003c7c                HAL_RCC_GetHCLKFreq
 .text.HAL_RCC_GetPCLK1Freq
                0x0000000008003c94       0x28 ./Drivers/STM32F4xx_HAL_Driver/Src/stm32f4xx_hal_rcc.o
                0x0000000008003c94                HAL_RCC_GetPCLK1Freq
 .text.HAL_RCC_GetPCLK2Freq
                0x0000000008003cbc       0x28 ./Drivers/STM32F4xx_HAL_Driver/Src/stm32f4xx_hal_rcc.o
                0x0000000008003cbc                HAL_RCC_GetPCLK2Freq
 .text.HAL_TIM_Base_Init
                0x0000000008003ce4       0x9e ./Drivers/STM32F4xx_HAL_Driver/Src/stm32f4xx_hal_tim.o
                0x0000000008003ce4                HAL_TIM_Base_Init
 *fill*         0x0000000008003d82        0x2 
 .text.HAL_TIM_Base_Start_IT
                0x0000000008003d84       0xc4 ./Drivers/STM32F4xx_HAL_Driver/Src/stm32f4xx_hal_tim.o
                0x0000000008003d84                HAL_TIM_Base_Start_IT
 .text.HAL_TIM_Base_Stop_IT
                0x0000000008003e48       0x5e ./Drivers/STM32F4xx_HAL_Driver/Src/stm32f4xx_hal_tim.o
                0x0000000008003e48                HAL_TIM_Base_Stop_IT
 .text.HAL_TIM_PWM_Init
                0x0000000008003ea6       0x9e ./Drivers/STM32F4xx_HAL_Driver/Src/stm32f4xx_hal_tim.o
                0x0000000008003ea6                HAL_TIM_PWM_Init
 .text.HAL_TIM_PWM_MspInit
                0x0000000008003f44       0x14 ./Drivers/STM32F4xx_HAL_Driver/Src/stm32f4xx_hal_tim.o
                0x0000000008003f44                HAL_TIM_PWM_MspInit
 .text.HAL_TIM_PWM_Start
                0x0000000008003f58      0x160 ./Drivers/STM32F4xx_HAL_Driver/Src/stm32f4xx_hal_tim.o
                0x0000000008003f58                HAL_TIM_PWM_Start
 .text.HAL_TIM_IRQHandler
                0x00000000080040b8      0x210 ./Drivers/STM32F4xx_HAL_Driver/Src/stm32f4xx_hal_tim.o
                0x00000000080040b8                HAL_TIM_IRQHandler
 .text.HAL_TIM_PWM_ConfigChannel
                0x00000000080042c8      0x184 ./Drivers/STM32F4xx_HAL_Driver/Src/stm32f4xx_hal_tim.o
                0x00000000080042c8                HAL_TIM_PWM_ConfigChannel
 .text.HAL_TIM_ConfigClockSource
                0x000000000800444c      0x18e ./Drivers/STM32F4xx_HAL_Driver/Src/stm32f4xx_hal_tim.o
                0x000000000800444c                HAL_TIM_ConfigClockSource
 .text.HAL_TIM_OC_DelayElapsedCallback
                0x00000000080045da       0x14 ./Drivers/STM32F4xx_HAL_Driver/Src/stm32f4xx_hal_tim.o
                0x00000000080045da                HAL_TIM_OC_DelayElapsedCallback
 .text.HAL_TIM_IC_CaptureCallback
                0x00000000080045ee       0x14 ./Drivers/STM32F4xx_HAL_Driver/Src/stm32f4xx_hal_tim.o
                0x00000000080045ee                HAL_TIM_IC_CaptureCallback
 .text.HAL_TIM_PWM_PulseFinishedCallback
                0x0000000008004602       0x14 ./Drivers/STM32F4xx_HAL_Driver/Src/stm32f4xx_hal_tim.o
                0x0000000008004602                HAL_TIM_PWM_PulseFinishedCallback
 .text.HAL_TIM_TriggerCallback
                0x0000000008004616       0x14 ./Drivers/STM32F4xx_HAL_Driver/Src/stm32f4xx_hal_tim.o
                0x0000000008004616                HAL_TIM_TriggerCallback
 *fill*         0x000000000800462a        0x2 
 .text.TIM_Base_SetConfig
                0x000000000800462c      0x100 ./Drivers/STM32F4xx_HAL_Driver/Src/stm32f4xx_hal_tim.o
                0x000000000800462c                TIM_Base_SetConfig
 .text.TIM_OC1_SetConfig
                0x000000000800472c       0xcc ./Drivers/STM32F4xx_HAL_Driver/Src/stm32f4xx_hal_tim.o
 .text.TIM_OC2_SetConfig
                0x00000000080047f8       0xd8 ./Drivers/STM32F4xx_HAL_Driver/Src/stm32f4xx_hal_tim.o
                0x00000000080047f8                TIM_OC2_SetConfig
 .text.TIM_OC3_SetConfig
                0x00000000080048d0       0xd4 ./Drivers/STM32F4xx_HAL_Driver/Src/stm32f4xx_hal_tim.o
 .text.TIM_OC4_SetConfig
                0x00000000080049a4       0xa0 ./Drivers/STM32F4xx_HAL_Driver/Src/stm32f4xx_hal_tim.o
 .text.TIM_TI1_ConfigInputStage
                0x0000000008004a44       0x5e ./Drivers/STM32F4xx_HAL_Driver/Src/stm32f4xx_hal_tim.o
 .text.TIM_TI2_ConfigInputStage
                0x0000000008004aa2       0x60 ./Drivers/STM32F4xx_HAL_Driver/Src/stm32f4xx_hal_tim.o
 .text.TIM_ITRx_SetConfig
                0x0000000008004b02       0x36 ./Drivers/STM32F4xx_HAL_Driver/Src/stm32f4xx_hal_tim.o
 .text.TIM_ETR_SetConfig
                0x0000000008004b38       0x40 ./Drivers/STM32F4xx_HAL_Driver/Src/stm32f4xx_hal_tim.o
                0x0000000008004b38                TIM_ETR_SetConfig
 .text.TIM_CCxChannelCmd
                0x0000000008004b78       0x4a ./Drivers/STM32F4xx_HAL_Driver/Src/stm32f4xx_hal_tim.o
                0x0000000008004b78                TIM_CCxChannelCmd
 *fill*         0x0000000008004bc2        0x2 
 .text.HAL_TIMEx_MasterConfigSynchronization
                0x0000000008004bc4       0xdc ./Drivers/STM32F4xx_HAL_Driver/Src/stm32f4xx_hal_tim_ex.o
                0x0000000008004bc4                HAL_TIMEx_MasterConfigSynchronization
 .text.HAL_TIMEx_CommutCallback
                0x0000000008004ca0       0x14 ./Drivers/STM32F4xx_HAL_Driver/Src/stm32f4xx_hal_tim_ex.o
                0x0000000008004ca0                HAL_TIMEx_CommutCallback
 .text.HAL_TIMEx_BreakCallback
                0x0000000008004cb4       0x14 ./Drivers/STM32F4xx_HAL_Driver/Src/stm32f4xx_hal_tim_ex.o
                0x0000000008004cb4                HAL_TIMEx_BreakCallback
 .text.HAL_UART_Init
                0x0000000008004cc8       0x9a ./Drivers/STM32F4xx_HAL_Driver/Src/stm32f4xx_hal_uart.o
                0x0000000008004cc8                HAL_UART_Init
 .text.HAL_UART_Transmit
                0x0000000008004d62      0x124 ./Drivers/STM32F4xx_HAL_Driver/Src/stm32f4xx_hal_uart.o
                0x0000000008004d62                HAL_UART_Transmit
 .text.UART_WaitOnFlagUntilTimeout
                0x0000000008004e86       0xdc ./Drivers/STM32F4xx_HAL_Driver/Src/stm32f4xx_hal_uart.o
 *fill*         0x0000000008004f62        0x2 
 .text.UART_SetConfig
                0x0000000008004f64      0x4e8 ./Drivers/STM32F4xx_HAL_Driver/Src/stm32f4xx_hal_uart.o
 .text.at24c_write_word
                0x000000000800544c       0x84 ./at24c_xxx/src/at24c_xxx.o
                0x000000000800544c                at24c_write_word
 .text.at24c_read_word
                0x00000000080054d0       0xac ./at24c_xxx/src/at24c_xxx.o
                0x00000000080054d0                at24c_read_word
 .text.rgb_pwm_star
                0x000000000800557c       0x24 ./rgb_pwm/src/rgb_pwm.o
                0x000000000800557c                rgb_pwm_star
 .text.rgb_pwm_update
                0x00000000080055a0       0x48 ./rgb_pwm/src/rgb_pwm.o
                0x00000000080055a0                rgb_pwm_update
 .text.uart_xprintf_write
                0x00000000080055e8       0x20 ./xprintf/src/edx_xprintf.o
                0x00000000080055e8                uart_xprintf_write
 .text.xprintf_init
                0x0000000008005608       0x1c ./xprintf/src/edx_xprintf.o
                0x0000000008005608                xprintf_init
 .text.xprint_clear
                0x0000000008005624       0x14 ./xprintf/src/edx_xprintf.o
                0x0000000008005624                xprint_clear
 .text.ilog10   0x0000000008005638       0xf8 ./xprintf/src/xprintf.o
 .text.i10x     0x0000000008005730       0xd0 ./xprintf/src/xprintf.o
 .text.ftoa     0x0000000008005800      0x310 ./xprintf/src/xprintf.o
 .text.xfputc   0x0000000008005b10       0x3c ./xprintf/src/xprintf.o
                0x0000000008005b10                xfputc
 .text.xvfprintf
                0x0000000008005b4c      0x504 ./xprintf/src/xprintf.o
 .text.xprintf  0x0000000008006050       0x30 ./xprintf/src/xprintf.o
                0x0000000008006050                xprintf
 .text.__libc_init_array
                0x0000000008006080       0x48 d:/archivos de programa/st/stm32cubeide_1.12.1/stm32cubeide/plugins/com.st.stm32cube.ide.mcu.externaltools.gnu-tools-for-stm32.10.3-2021.10.win32_1.0.200.202301161003/tools/bin/../lib/gcc/arm-none-eabi/10.3.1/../../../../arm-none-eabi/lib/thumb/v7e-m+fp/hard\libc_nano.a(lib_a-init.o)
                0x0000000008006080                __libc_init_array
 .text.memset   0x00000000080060c8       0x10 d:/archivos de programa/st/stm32cubeide_1.12.1/stm32cubeide/plugins/com.st.stm32cube.ide.mcu.externaltools.gnu-tools-for-stm32.10.3-2021.10.win32_1.0.200.202301161003/tools/bin/../lib/gcc/arm-none-eabi/10.3.1/../../../../arm-none-eabi/lib/thumb/v7e-m+fp/hard\libc_nano.a(lib_a-memset.o)
                0x00000000080060c8                memset
 *(.glue_7)
 .glue_7        0x00000000080060d8        0x0 linker stubs
 *(.glue_7t)
 .glue_7t       0x00000000080060d8        0x0 linker stubs
 *(.eh_frame)
 .eh_frame      0x00000000080060d8        0x0 d:/archivos de programa/st/stm32cubeide_1.12.1/stm32cubeide/plugins/com.st.stm32cube.ide.mcu.externaltools.gnu-tools-for-stm32.10.3-2021.10.win32_1.0.200.202301161003/tools/bin/../lib/gcc/arm-none-eabi/10.3.1/thumb/v7e-m+fp/hard/crtbegin.o
 *(.init)
 .init          0x00000000080060d8        0x4 d:/archivos de programa/st/stm32cubeide_1.12.1/stm32cubeide/plugins/com.st.stm32cube.ide.mcu.externaltools.gnu-tools-for-stm32.10.3-2021.10.win32_1.0.200.202301161003/tools/bin/../lib/gcc/arm-none-eabi/10.3.1/thumb/v7e-m+fp/hard/crti.o
                0x00000000080060d8                _init
 .init          0x00000000080060dc        0x8 d:/archivos de programa/st/stm32cubeide_1.12.1/stm32cubeide/plugins/com.st.stm32cube.ide.mcu.externaltools.gnu-tools-for-stm32.10.3-2021.10.win32_1.0.200.202301161003/tools/bin/../lib/gcc/arm-none-eabi/10.3.1/thumb/v7e-m+fp/hard/crtn.o
 *(.fini)
 .fini          0x00000000080060e4        0x4 d:/archivos de programa/st/stm32cubeide_1.12.1/stm32cubeide/plugins/com.st.stm32cube.ide.mcu.externaltools.gnu-tools-for-stm32.10.3-2021.10.win32_1.0.200.202301161003/tools/bin/../lib/gcc/arm-none-eabi/10.3.1/thumb/v7e-m+fp/hard/crti.o
                0x00000000080060e4                _fini
 .fini          0x00000000080060e8        0x8 d:/archivos de programa/st/stm32cubeide_1.12.1/stm32cubeide/plugins/com.st.stm32cube.ide.mcu.externaltools.gnu-tools-for-stm32.10.3-2021.10.win32_1.0.200.202301161003/tools/bin/../lib/gcc/arm-none-eabi/10.3.1/thumb/v7e-m+fp/hard/crtn.o
                0x00000000080060f0                . = ALIGN (0x4)
                0x00000000080060f0                _etext = .

.vfp11_veneer   0x00000000080060f0        0x0
 .vfp11_veneer  0x00000000080060f0        0x0 linker stubs

.v4_bx          0x00000000080060f0        0x0
 .v4_bx         0x00000000080060f0        0x0 linker stubs

.iplt           0x00000000080060f0        0x0
 .iplt          0x00000000080060f0        0x0 d:/archivos de programa/st/stm32cubeide_1.12.1/stm32cubeide/plugins/com.st.stm32cube.ide.mcu.externaltools.gnu-tools-for-stm32.10.3-2021.10.win32_1.0.200.202301161003/tools/bin/../lib/gcc/arm-none-eabi/10.3.1/thumb/v7e-m+fp/hard/crtbegin.o

.rodata         0x00000000080060f0      0x33c
                0x00000000080060f0                . = ALIGN (0x4)
 *(.rodata)
 .rodata        0x00000000080060f0      0x30a ./Core/Src/main.o
 *fill*         0x00000000080063fa        0x2 
 .rodata        0x00000000080063fc        0x7 ./xprintf/src/edx_xprintf.o
 *fill*         0x0000000008006403        0x1 
 .rodata        0x0000000008006404        0xd ./xprintf/src/xprintf.o
 *(.rodata*)
 *fill*         0x0000000008006411        0x3 
 .rodata.AHBPrescTable
                0x0000000008006414       0x10 ./Core/Src/system_stm32f4xx.o
                0x0000000008006414                AHBPrescTable
 .rodata.APBPrescTable
                0x0000000008006424        0x8 ./Core/Src/system_stm32f4xx.o
                0x0000000008006424                APBPrescTable
                0x000000000800642c                . = ALIGN (0x4)

.ARM.extab      0x000000000800642c        0x0
                0x000000000800642c                . = ALIGN (0x4)
 *(.ARM.extab* .gnu.linkonce.armextab.*)
                0x000000000800642c                . = ALIGN (0x4)

.ARM            0x000000000800642c        0x8
                0x000000000800642c                . = ALIGN (0x4)
                0x000000000800642c                __exidx_start = .
 *(.ARM.exidx*)
 .ARM.exidx     0x000000000800642c        0x8 d:/archivos de programa/st/stm32cubeide_1.12.1/stm32cubeide/plugins/com.st.stm32cube.ide.mcu.externaltools.gnu-tools-for-stm32.10.3-2021.10.win32_1.0.200.202301161003/tools/bin/../lib/gcc/arm-none-eabi/10.3.1/thumb/v7e-m+fp/hard\libgcc.a(_udivmoddi4.o)
                0x0000000008006434                __exidx_end = .
                0x0000000008006434                . = ALIGN (0x4)

.rel.dyn        0x0000000008006434        0x0
 .rel.iplt      0x0000000008006434        0x0 d:/archivos de programa/st/stm32cubeide_1.12.1/stm32cubeide/plugins/com.st.stm32cube.ide.mcu.externaltools.gnu-tools-for-stm32.10.3-2021.10.win32_1.0.200.202301161003/tools/bin/../lib/gcc/arm-none-eabi/10.3.1/thumb/v7e-m+fp/hard/crtbegin.o

.preinit_array  0x0000000008006434        0x0
                0x0000000008006434                . = ALIGN (0x4)
                0x0000000008006434                PROVIDE (__preinit_array_start = .)
 *(.preinit_array*)
                0x0000000008006434                PROVIDE (__preinit_array_end = .)
                0x0000000008006434                . = ALIGN (0x4)

.init_array     0x0000000008006434        0x4
                0x0000000008006434                . = ALIGN (0x4)
                0x0000000008006434                PROVIDE (__init_array_start = .)
 *(SORT_BY_NAME(.init_array.*))
 *(.init_array*)
 .init_array    0x0000000008006434        0x4 d:/archivos de programa/st/stm32cubeide_1.12.1/stm32cubeide/plugins/com.st.stm32cube.ide.mcu.externaltools.gnu-tools-for-stm32.10.3-2021.10.win32_1.0.200.202301161003/tools/bin/../lib/gcc/arm-none-eabi/10.3.1/thumb/v7e-m+fp/hard/crtbegin.o
                0x0000000008006438                PROVIDE (__init_array_end = .)
                0x0000000008006438                . = ALIGN (0x4)

.fini_array     0x0000000008006438        0x4
                0x0000000008006438                . = ALIGN (0x4)
                [!provide]                        PROVIDE (__fini_array_start = .)
 *(SORT_BY_NAME(.fini_array.*))
 *(.fini_array*)
 .fini_array    0x0000000008006438        0x4 d:/archivos de programa/st/stm32cubeide_1.12.1/stm32cubeide/plugins/com.st.stm32cube.ide.mcu.externaltools.gnu-tools-for-stm32.10.3-2021.10.win32_1.0.200.202301161003/tools/bin/../lib/gcc/arm-none-eabi/10.3.1/thumb/v7e-m+fp/hard/crtbegin.o
                [!provide]                        PROVIDE (__fini_array_end = .)
                0x000000000800643c                . = ALIGN (0x4)
                0x000000000800643c                _sidata = LOADADDR (.data)

.data           0x0000000020000000       0x24 load address 0x000000000800643c
                0x0000000020000000                . = ALIGN (0x4)
                0x0000000020000000                _sdata = .
 *(.data)
 *(.data*)
 .data.kbd_keys
                0x0000000020000000       0x10 ./Core/Src/main.o
                0x0000000020000000                kbd_keys
 .data.mem_addr
                0x0000000020000010        0x5 ./Core/Src/main.o
                0x0000000020000010                mem_addr
 *fill*         0x0000000020000015        0x3 
 .data.SystemCoreClock
                0x0000000020000018        0x4 ./Core/Src/system_stm32f4xx.o
                0x0000000020000018                SystemCoreClock
 .data.uwTickPrio
                0x000000002000001c        0x4 ./Drivers/STM32F4xx_HAL_Driver/Src/stm32f4xx_hal.o
                0x000000002000001c                uwTickPrio
 .data.uwTickFreq
                0x0000000020000020        0x1 ./Drivers/STM32F4xx_HAL_Driver/Src/stm32f4xx_hal.o
                0x0000000020000020                uwTickFreq
 *(.RamFunc)
 *(.RamFunc*)
                0x0000000020000024                . = ALIGN (0x4)
 *fill*         0x0000000020000021        0x3 
                0x0000000020000024                _edata = .

.igot.plt       0x0000000020000024        0x0 load address 0x0000000008006460
 .igot.plt      0x0000000020000024        0x0 d:/archivos de programa/st/stm32cubeide_1.12.1/stm32cubeide/plugins/com.st.stm32cube.ide.mcu.externaltools.gnu-tools-for-stm32.10.3-2021.10.win32_1.0.200.202301161003/tools/bin/../lib/gcc/arm-none-eabi/10.3.1/thumb/v7e-m+fp/hard/crtbegin.o
                0x0000000020000024                . = ALIGN (0x4)

.bss            0x0000000020000024      0x170 load address 0x0000000008006460
                0x0000000020000024                _sbss = .
                0x0000000020000024                __bss_start__ = _sbss
 *(.bss)
 .bss           0x0000000020000024       0x1c d:/archivos de programa/st/stm32cubeide_1.12.1/stm32cubeide/plugins/com.st.stm32cube.ide.mcu.externaltools.gnu-tools-for-stm32.10.3-2021.10.win32_1.0.200.202301161003/tools/bin/../lib/gcc/arm-none-eabi/10.3.1/thumb/v7e-m+fp/hard/crtbegin.o
 *(.bss*)
 .bss.hi2c1     0x0000000020000040       0x54 ./Core/Src/i2c.o
                0x0000000020000040                hi2c1
 .bss.led_color
                0x0000000020000094        0x4 ./Core/Src/main.o
                0x0000000020000094                led_color
 .bss.at24_addr
                0x0000000020000098        0x2 ./Core/Src/main.o
                0x0000000020000098                at24_addr
 .bss.kbd       0x000000002000009a        0x1 ./Core/Src/main.o
                0x000000002000009a                kbd
 .bss.alarm_case
                0x000000002000009b        0x1 ./Core/Src/main.o
                0x000000002000009b                alarm_case
 .bss.password  0x000000002000009c        0x4 ./Core/Src/main.o
                0x000000002000009c                password
 .bss.passwords
                0x00000000200000a0       0x14 ./Core/Src/main.o
                0x00000000200000a0                passwords
 .bss.htim2     0x00000000200000b4       0x48 ./Core/Src/tim.o
                0x00000000200000b4                htim2
 .bss.htim3     0x00000000200000fc       0x48 ./Core/Src/tim.o
                0x00000000200000fc                htim3
 .bss.huart1    0x0000000020000144       0x44 ./Core/Src/usart.o
                0x0000000020000144                huart1
 .bss.uwTick    0x0000000020000188        0x4 ./Drivers/STM32F4xx_HAL_Driver/Src/stm32f4xx_hal.o
                0x0000000020000188                uwTick
 .bss.xfunc_output
                0x000000002000018c        0x4 ./xprintf/src/xprintf.o
                0x000000002000018c                xfunc_output
 .bss.strptr    0x0000000020000190        0x4 ./xprintf/src/xprintf.o
 *(COMMON)
                0x0000000020000194                . = ALIGN (0x4)
                0x0000000020000194                _ebss = .
                0x0000000020000194                __bss_end__ = _ebss

._user_heap_stack
                0x0000000020000194      0x604 load address 0x0000000008006460
                0x0000000020000198                . = ALIGN (0x8)
 *fill*         0x0000000020000194        0x4 
                [!provide]                        PROVIDE (end = .)
                0x0000000020000198                PROVIDE (_end = .)
                0x0000000020000398                . = (. + _Min_Heap_Size)
 *fill*         0x0000000020000198      0x200 
                0x0000000020000798                . = (. + _Min_Stack_Size)
 *fill*         0x0000000020000398      0x400 
                0x0000000020000798                . = ALIGN (0x8)

/DISCARD/
 libc.a(*)
 libm.a(*)
 libgcc.a(*)

.ARM.attributes
                0x0000000000000000       0x30
 *(.ARM.attributes)
 .ARM.attributes
                0x0000000000000000       0x1e d:/archivos de programa/st/stm32cubeide_1.12.1/stm32cubeide/plugins/com.st.stm32cube.ide.mcu.externaltools.gnu-tools-for-stm32.10.3-2021.10.win32_1.0.200.202301161003/tools/bin/../lib/gcc/arm-none-eabi/10.3.1/thumb/v7e-m+fp/hard/crti.o
 .ARM.attributes
                0x000000000000001e       0x34 d:/archivos de programa/st/stm32cubeide_1.12.1/stm32cubeide/plugins/com.st.stm32cube.ide.mcu.externaltools.gnu-tools-for-stm32.10.3-2021.10.win32_1.0.200.202301161003/tools/bin/../lib/gcc/arm-none-eabi/10.3.1/thumb/v7e-m+fp/hard/crtbegin.o
 .ARM.attributes
                0x0000000000000052       0x34 ./Core/Src/gpio.o
 .ARM.attributes
                0x0000000000000086       0x34 ./Core/Src/i2c.o
 .ARM.attributes
                0x00000000000000ba       0x34 ./Core/Src/main.o
 .ARM.attributes
                0x00000000000000ee       0x34 ./Core/Src/stm32f4xx_hal_msp.o
 .ARM.attributes
                0x0000000000000122       0x34 ./Core/Src/stm32f4xx_it.o
 .ARM.attributes
                0x0000000000000156       0x34 ./Core/Src/system_stm32f4xx.o
 .ARM.attributes
                0x000000000000018a       0x34 ./Core/Src/tim.o
 .ARM.attributes
                0x00000000000001be       0x34 ./Core/Src/usart.o
 .ARM.attributes
                0x00000000000001f2       0x21 ./Core/Startup/startup_stm32f411ceux.o
 .ARM.attributes
                0x0000000000000213       0x34 ./Drivers/STM32F4xx_HAL_Driver/Src/stm32f4xx_hal.o
 .ARM.attributes
                0x0000000000000247       0x34 ./Drivers/STM32F4xx_HAL_Driver/Src/stm32f4xx_hal_cortex.o
 .ARM.attributes
                0x000000000000027b       0x34 ./Drivers/STM32F4xx_HAL_Driver/Src/stm32f4xx_hal_gpio.o
 .ARM.attributes
                0x00000000000002af       0x34 ./Drivers/STM32F4xx_HAL_Driver/Src/stm32f4xx_hal_i2c.o
 .ARM.attributes
                0x00000000000002e3       0x34 ./Drivers/STM32F4xx_HAL_Driver/Src/stm32f4xx_hal_rcc.o
 .ARM.attributes
                0x0000000000000317       0x34 ./Drivers/STM32F4xx_HAL_Driver/Src/stm32f4xx_hal_tim.o
 .ARM.attributes
                0x000000000000034b       0x34 ./Drivers/STM32F4xx_HAL_Driver/Src/stm32f4xx_hal_tim_ex.o
 .ARM.attributes
                0x000000000000037f       0x34 ./Drivers/STM32F4xx_HAL_Driver/Src/stm32f4xx_hal_uart.o
 .ARM.attributes
                0x00000000000003b3       0x34 ./at24c_xxx/src/at24c_xxx.o
 .ARM.attributes
                0x00000000000003e7       0x34 ./rgb_pwm/src/rgb_pwm.o
 .ARM.attributes
                0x000000000000041b       0x34 ./xprintf/src/edx_xprintf.o
 .ARM.attributes
                0x000000000000044f       0x34 ./xprintf/src/xprintf.o
 .ARM.attributes
                0x0000000000000483       0x34 d:/archivos de programa/st/stm32cubeide_1.12.1/stm32cubeide/plugins/com.st.stm32cube.ide.mcu.externaltools.gnu-tools-for-stm32.10.3-2021.10.win32_1.0.200.202301161003/tools/bin/../lib/gcc/arm-none-eabi/10.3.1/../../../../arm-none-eabi/lib/thumb/v7e-m+fp/hard\libc_nano.a(lib_a-init.o)
 .ARM.attributes
                0x00000000000004b7       0x34 d:/archivos de programa/st/stm32cubeide_1.12.1/stm32cubeide/plugins/com.st.stm32cube.ide.mcu.externaltools.gnu-tools-for-stm32.10.3-2021.10.win32_1.0.200.202301161003/tools/bin/../lib/gcc/arm-none-eabi/10.3.1/../../../../arm-none-eabi/lib/thumb/v7e-m+fp/hard\libc_nano.a(lib_a-memset.o)
 .ARM.attributes
                0x00000000000004eb       0x17 d:/archivos de programa/st/stm32cubeide_1.12.1/stm32cubeide/plugins/com.st.stm32cube.ide.mcu.externaltools.gnu-tools-for-stm32.10.3-2021.10.win32_1.0.200.202301161003/tools/bin/../lib/gcc/arm-none-eabi/10.3.1/../../../../arm-none-eabi/lib/thumb/v7e-m+fp/hard\libc_nano.a(lib_a-strlen.o)
 .ARM.attributes
                0x0000000000000502       0x1e d:/archivos de programa/st/stm32cubeide_1.12.1/stm32cubeide/plugins/com.st.stm32cube.ide.mcu.externaltools.gnu-tools-for-stm32.10.3-2021.10.win32_1.0.200.202301161003/tools/bin/../lib/gcc/arm-none-eabi/10.3.1/thumb/v7e-m+fp/hard\libgcc.a(_arm_addsubdf3.o)
 .ARM.attributes
                0x0000000000000520       0x1e d:/archivos de programa/st/stm32cubeide_1.12.1/stm32cubeide/plugins/com.st.stm32cube.ide.mcu.externaltools.gnu-tools-for-stm32.10.3-2021.10.win32_1.0.200.202301161003/tools/bin/../lib/gcc/arm-none-eabi/10.3.1/thumb/v7e-m+fp/hard\libgcc.a(_arm_muldivdf3.o)
 .ARM.attributes
                0x000000000000053e       0x1e d:/archivos de programa/st/stm32cubeide_1.12.1/stm32cubeide/plugins/com.st.stm32cube.ide.mcu.externaltools.gnu-tools-for-stm32.10.3-2021.10.win32_1.0.200.202301161003/tools/bin/../lib/gcc/arm-none-eabi/10.3.1/thumb/v7e-m+fp/hard\libgcc.a(_arm_cmpdf2.o)
 .ARM.attributes
                0x000000000000055c       0x1e d:/archivos de programa/st/stm32cubeide_1.12.1/stm32cubeide/plugins/com.st.stm32cube.ide.mcu.externaltools.gnu-tools-for-stm32.10.3-2021.10.win32_1.0.200.202301161003/tools/bin/../lib/gcc/arm-none-eabi/10.3.1/thumb/v7e-m+fp/hard\libgcc.a(_arm_unorddf2.o)
 .ARM.attributes
                0x000000000000057a       0x1e d:/archivos de programa/st/stm32cubeide_1.12.1/stm32cubeide/plugins/com.st.stm32cube.ide.mcu.externaltools.gnu-tools-for-stm32.10.3-2021.10.win32_1.0.200.202301161003/tools/bin/../lib/gcc/arm-none-eabi/10.3.1/thumb/v7e-m+fp/hard\libgcc.a(_arm_fixdfsi.o)
 .ARM.attributes
                0x0000000000000598       0x1e d:/archivos de programa/st/stm32cubeide_1.12.1/stm32cubeide/plugins/com.st.stm32cube.ide.mcu.externaltools.gnu-tools-for-stm32.10.3-2021.10.win32_1.0.200.202301161003/tools/bin/../lib/gcc/arm-none-eabi/10.3.1/thumb/v7e-m+fp/hard\libgcc.a(_aeabi_uldivmod.o)
 .ARM.attributes
                0x00000000000005b6       0x34 d:/archivos de programa/st/stm32cubeide_1.12.1/stm32cubeide/plugins/com.st.stm32cube.ide.mcu.externaltools.gnu-tools-for-stm32.10.3-2021.10.win32_1.0.200.202301161003/tools/bin/../lib/gcc/arm-none-eabi/10.3.1/thumb/v7e-m+fp/hard\libgcc.a(_udivmoddi4.o)
 .ARM.attributes
                0x00000000000005ea       0x1e d:/archivos de programa/st/stm32cubeide_1.12.1/stm32cubeide/plugins/com.st.stm32cube.ide.mcu.externaltools.gnu-tools-for-stm32.10.3-2021.10.win32_1.0.200.202301161003/tools/bin/../lib/gcc/arm-none-eabi/10.3.1/thumb/v7e-m+fp/hard\libgcc.a(_dvmd_tls.o)
 .ARM.attributes
                0x0000000000000608       0x1e d:/archivos de programa/st/stm32cubeide_1.12.1/stm32cubeide/plugins/com.st.stm32cube.ide.mcu.externaltools.gnu-tools-for-stm32.10.3-2021.10.win32_1.0.200.202301161003/tools/bin/../lib/gcc/arm-none-eabi/10.3.1/thumb/v7e-m+fp/hard/crtn.o
OUTPUT(p2_prev.elf elf32-littlearm)
LOAD linker stubs
LOAD d:/archivos de programa/st/stm32cubeide_1.12.1/stm32cubeide/plugins/com.st.stm32cube.ide.mcu.externaltools.gnu-tools-for-stm32.10.3-2021.10.win32_1.0.200.202301161003/tools/bin/../lib/gcc/arm-none-eabi/10.3.1/../../../../arm-none-eabi/lib/thumb/v7e-m+fp/hard\libc.a
LOAD d:/archivos de programa/st/stm32cubeide_1.12.1/stm32cubeide/plugins/com.st.stm32cube.ide.mcu.externaltools.gnu-tools-for-stm32.10.3-2021.10.win32_1.0.200.202301161003/tools/bin/../lib/gcc/arm-none-eabi/10.3.1/../../../../arm-none-eabi/lib/thumb/v7e-m+fp/hard\libm.a
LOAD d:/archivos de programa/st/stm32cubeide_1.12.1/stm32cubeide/plugins/com.st.stm32cube.ide.mcu.externaltools.gnu-tools-for-stm32.10.3-2021.10.win32_1.0.200.202301161003/tools/bin/../lib/gcc/arm-none-eabi/10.3.1/thumb/v7e-m+fp/hard\libgcc.a

.debug_info     0x0000000000000000    0x127b9
 .debug_info    0x0000000000000000      0x480 ./Core/Src/gpio.o
 .debug_info    0x0000000000000480      0xa40 ./Core/Src/i2c.o
 .debug_info    0x0000000000000ec0     0x141c ./Core/Src/main.o
 .debug_info    0x00000000000022dc      0x2d4 ./Core/Src/stm32f4xx_hal_msp.o
 .debug_info    0x00000000000025b0      0x72e ./Core/Src/stm32f4xx_it.o
 .debug_info    0x0000000000002cde      0x54f ./Core/Src/system_stm32f4xx.o
 .debug_info    0x000000000000322d      0xed8 ./Core/Src/tim.o
 .debug_info    0x0000000000004105      0x9c4 ./Core/Src/usart.o
 .debug_info    0x0000000000004ac9       0x22 ./Core/Startup/startup_stm32f411ceux.o
 .debug_info    0x0000000000004aeb      0x90d ./Drivers/STM32F4xx_HAL_Driver/Src/stm32f4xx_hal.o
 .debug_info    0x00000000000053f8      0xd8b ./Drivers/STM32F4xx_HAL_Driver/Src/stm32f4xx_hal_cortex.o
 .debug_info    0x0000000000006183      0x78e ./Drivers/STM32F4xx_HAL_Driver/Src/stm32f4xx_hal_gpio.o
 .debug_info    0x0000000000006911     0x260f ./Drivers/STM32F4xx_HAL_Driver/Src/stm32f4xx_hal_i2c.o
 .debug_info    0x0000000000008f20      0x98d ./Drivers/STM32F4xx_HAL_Driver/Src/stm32f4xx_hal_rcc.o
 .debug_info    0x00000000000098ad     0x2bb6 ./Drivers/STM32F4xx_HAL_Driver/Src/stm32f4xx_hal_tim.o
 .debug_info    0x000000000000c463     0x15d8 ./Drivers/STM32F4xx_HAL_Driver/Src/stm32f4xx_hal_tim_ex.o
 .debug_info    0x000000000000da3b     0x31b4 ./Drivers/STM32F4xx_HAL_Driver/Src/stm32f4xx_hal_uart.o
 .debug_info    0x0000000000010bef      0x8b9 ./at24c_xxx/src/at24c_xxx.o
 .debug_info    0x00000000000114a8      0x7d1 ./rgb_pwm/src/rgb_pwm.o
 .debug_info    0x0000000000011c79      0x66f ./xprintf/src/edx_xprintf.o
 .debug_info    0x00000000000122e8      0x4d1 ./xprintf/src/xprintf.o

.debug_abbrev   0x0000000000000000     0x29ca
 .debug_abbrev  0x0000000000000000      0x146 ./Core/Src/gpio.o
 .debug_abbrev  0x0000000000000146      0x1e0 ./Core/Src/i2c.o
 .debug_abbrev  0x0000000000000326      0x386 ./Core/Src/main.o
 .debug_abbrev  0x00000000000006ac       0xd4 ./Core/Src/stm32f4xx_hal_msp.o
 .debug_abbrev  0x0000000000000780      0x195 ./Core/Src/stm32f4xx_it.o
 .debug_abbrev  0x0000000000000915      0x116 ./Core/Src/system_stm32f4xx.o
 .debug_abbrev  0x0000000000000a2b      0x211 ./Core/Src/tim.o
 .debug_abbrev  0x0000000000000c3c      0x1e7 ./Core/Src/usart.o
 .debug_abbrev  0x0000000000000e23       0x12 ./Core/Startup/startup_stm32f411ceux.o
 .debug_abbrev  0x0000000000000e35      0x23e ./Drivers/STM32F4xx_HAL_Driver/Src/stm32f4xx_hal.o
 .debug_abbrev  0x0000000000001073      0x316 ./Drivers/STM32F4xx_HAL_Driver/Src/stm32f4xx_hal_cortex.o
 .debug_abbrev  0x0000000000001389      0x1c4 ./Drivers/STM32F4xx_HAL_Driver/Src/stm32f4xx_hal_gpio.o
 .debug_abbrev  0x000000000000154d      0x2a8 ./Drivers/STM32F4xx_HAL_Driver/Src/stm32f4xx_hal_i2c.o
 .debug_abbrev  0x00000000000017f5      0x2aa ./Drivers/STM32F4xx_HAL_Driver/Src/stm32f4xx_hal_rcc.o
 .debug_abbrev  0x0000000000001a9f      0x26e ./Drivers/STM32F4xx_HAL_Driver/Src/stm32f4xx_hal_tim.o
 .debug_abbrev  0x0000000000001d0d      0x276 ./Drivers/STM32F4xx_HAL_Driver/Src/stm32f4xx_hal_tim_ex.o
 .debug_abbrev  0x0000000000001f83      0x305 ./Drivers/STM32F4xx_HAL_Driver/Src/stm32f4xx_hal_uart.o
 .debug_abbrev  0x0000000000002288      0x1c6 ./at24c_xxx/src/at24c_xxx.o
 .debug_abbrev  0x000000000000244e      0x203 ./rgb_pwm/src/rgb_pwm.o
 .debug_abbrev  0x0000000000002651      0x1ab ./xprintf/src/edx_xprintf.o
 .debug_abbrev  0x00000000000027fc      0x1ce ./xprintf/src/xprintf.o

.debug_aranges  0x0000000000000000     0x1000
 .debug_aranges
                0x0000000000000000       0x20 ./Core/Src/gpio.o
 .debug_aranges
                0x0000000000000020       0x30 ./Core/Src/i2c.o
 .debug_aranges
                0x0000000000000050       0xa0 ./Core/Src/main.o
 .debug_aranges
                0x00000000000000f0       0x20 ./Core/Src/stm32f4xx_hal_msp.o
 .debug_aranges
                0x0000000000000110       0x68 ./Core/Src/stm32f4xx_it.o
 .debug_aranges
                0x0000000000000178       0x28 ./Core/Src/system_stm32f4xx.o
 .debug_aranges
                0x00000000000001a0       0x40 ./Core/Src/tim.o
 .debug_aranges
                0x00000000000001e0       0x30 ./Core/Src/usart.o
 .debug_aranges
                0x0000000000000210       0x28 ./Core/Startup/startup_stm32f411ceux.o
 .debug_aranges
                0x0000000000000238       0xf0 ./Drivers/STM32F4xx_HAL_Driver/Src/stm32f4xx_hal.o
 .debug_aranges
                0x0000000000000328      0x118 ./Drivers/STM32F4xx_HAL_Driver/Src/stm32f4xx_hal_cortex.o
 .debug_aranges
                0x0000000000000440       0x58 ./Drivers/STM32F4xx_HAL_Driver/Src/stm32f4xx_hal_gpio.o
 .debug_aranges
                0x0000000000000498      0x2a0 ./Drivers/STM32F4xx_HAL_Driver/Src/stm32f4xx_hal_i2c.o
 .debug_aranges
                0x0000000000000738       0x88 ./Drivers/STM32F4xx_HAL_Driver/Src/stm32f4xx_hal_rcc.o
 .debug_aranges
                0x00000000000007c0      0x3d0 ./Drivers/STM32F4xx_HAL_Driver/Src/stm32f4xx_hal_tim.o
 .debug_aranges
                0x0000000000000b90      0x168 ./Drivers/STM32F4xx_HAL_Driver/Src/stm32f4xx_hal_tim_ex.o
 .debug_aranges
                0x0000000000000cf8      0x200 ./Drivers/STM32F4xx_HAL_Driver/Src/stm32f4xx_hal_uart.o
 .debug_aranges
                0x0000000000000ef8       0x38 ./at24c_xxx/src/at24c_xxx.o
 .debug_aranges
                0x0000000000000f30       0x30 ./rgb_pwm/src/rgb_pwm.o
 .debug_aranges
                0x0000000000000f60       0x30 ./xprintf/src/edx_xprintf.o
 .debug_aranges
                0x0000000000000f90       0x70 ./xprintf/src/xprintf.o

.debug_ranges   0x0000000000000000      0xf00
 .debug_ranges  0x0000000000000000       0x10 ./Core/Src/gpio.o
 .debug_ranges  0x0000000000000010       0x20 ./Core/Src/i2c.o
 .debug_ranges  0x0000000000000030       0x90 ./Core/Src/main.o
 .debug_ranges  0x00000000000000c0       0x10 ./Core/Src/stm32f4xx_hal_msp.o
 .debug_ranges  0x00000000000000d0       0x58 ./Core/Src/stm32f4xx_it.o
 .debug_ranges  0x0000000000000128       0x18 ./Core/Src/system_stm32f4xx.o
 .debug_ranges  0x0000000000000140       0x30 ./Core/Src/tim.o
 .debug_ranges  0x0000000000000170       0x20 ./Core/Src/usart.o
 .debug_ranges  0x0000000000000190       0x20 ./Core/Startup/startup_stm32f411ceux.o
 .debug_ranges  0x00000000000001b0       0xe0 ./Drivers/STM32F4xx_HAL_Driver/Src/stm32f4xx_hal.o
 .debug_ranges  0x0000000000000290      0x108 ./Drivers/STM32F4xx_HAL_Driver/Src/stm32f4xx_hal_cortex.o
 .debug_ranges  0x0000000000000398       0x48 ./Drivers/STM32F4xx_HAL_Driver/Src/stm32f4xx_hal_gpio.o
 .debug_ranges  0x00000000000003e0      0x2a8 ./Drivers/STM32F4xx_HAL_Driver/Src/stm32f4xx_hal_i2c.o
 .debug_ranges  0x0000000000000688       0x78 ./Drivers/STM32F4xx_HAL_Driver/Src/stm32f4xx_hal_rcc.o
 .debug_ranges  0x0000000000000700      0x3c0 ./Drivers/STM32F4xx_HAL_Driver/Src/stm32f4xx_hal_tim.o
 .debug_ranges  0x0000000000000ac0      0x158 ./Drivers/STM32F4xx_HAL_Driver/Src/stm32f4xx_hal_tim_ex.o
 .debug_ranges  0x0000000000000c18      0x220 ./Drivers/STM32F4xx_HAL_Driver/Src/stm32f4xx_hal_uart.o
 .debug_ranges  0x0000000000000e38       0x28 ./at24c_xxx/src/at24c_xxx.o
 .debug_ranges  0x0000000000000e60       0x20 ./rgb_pwm/src/rgb_pwm.o
 .debug_ranges  0x0000000000000e80       0x20 ./xprintf/src/edx_xprintf.o
 .debug_ranges  0x0000000000000ea0       0x60 ./xprintf/src/xprintf.o

.debug_macro    0x0000000000000000    0x17dc4
 .debug_macro   0x0000000000000000      0x200 ./Core/Src/gpio.o
 .debug_macro   0x0000000000000200      0xa78 ./Core/Src/gpio.o
 .debug_macro   0x0000000000000c78      0x2a1 ./Core/Src/gpio.o
 .debug_macro   0x0000000000000f19       0x2e ./Core/Src/gpio.o
 .debug_macro   0x0000000000000f47       0x28 ./Core/Src/gpio.o
 .debug_macro   0x0000000000000f6f       0x22 ./Core/Src/gpio.o
 .debug_macro   0x0000000000000f91       0x8e ./Core/Src/gpio.o
 .debug_macro   0x000000000000101f       0x51 ./Core/Src/gpio.o
 .debug_macro   0x0000000000001070      0x103 ./Core/Src/gpio.o
 .debug_macro   0x0000000000001173       0x6a ./Core/Src/gpio.o
 .debug_macro   0x00000000000011dd      0x1df ./Core/Src/gpio.o
 .debug_macro   0x00000000000013bc       0x1c ./Core/Src/gpio.o
 .debug_macro   0x00000000000013d8       0x22 ./Core/Src/gpio.o
 .debug_macro   0x00000000000013fa       0xd9 ./Core/Src/gpio.o
 .debug_macro   0x00000000000014d3     0x102d ./Core/Src/gpio.o
 .debug_macro   0x0000000000002500      0x11f ./Core/Src/gpio.o
 .debug_macro   0x000000000000261f     0xb953 ./Core/Src/gpio.o
 .debug_macro   0x000000000000df72       0x6d ./Core/Src/gpio.o
 .debug_macro   0x000000000000dfdf     0x367e ./Core/Src/gpio.o
 .debug_macro   0x000000000001165d      0x174 ./Core/Src/gpio.o
 .debug_macro   0x00000000000117d1       0x5c ./Core/Src/gpio.o
 .debug_macro   0x000000000001182d      0x447 ./Core/Src/gpio.o
 .debug_macro   0x0000000000011c74      0x9fe ./Core/Src/gpio.o
 .debug_macro   0x0000000000012672      0x115 ./Core/Src/gpio.o
 .debug_macro   0x0000000000012787      0x11b ./Core/Src/gpio.o
 .debug_macro   0x00000000000128a2       0xa5 ./Core/Src/gpio.o
 .debug_macro   0x0000000000012947      0x15f ./Core/Src/gpio.o
 .debug_macro   0x0000000000012aa6      0x287 ./Core/Src/gpio.o
 .debug_macro   0x0000000000012d2d       0x5f ./Core/Src/gpio.o
 .debug_macro   0x0000000000012d8c      0x236 ./Core/Src/gpio.o
 .debug_macro   0x0000000000012fc2      0x132 ./Core/Src/gpio.o
 .debug_macro   0x00000000000130f4      0x264 ./Core/Src/gpio.o
 .debug_macro   0x0000000000013358       0x2e ./Core/Src/gpio.o
 .debug_macro   0x0000000000013386      0x1b5 ./Core/Src/gpio.o
 .debug_macro   0x000000000001353b       0x22 ./Core/Src/gpio.o
 .debug_macro   0x000000000001355d       0xd6 ./Core/Src/gpio.o
 .debug_macro   0x0000000000013633      0x11a ./Core/Src/gpio.o
 .debug_macro   0x000000000001374d       0x85 ./Core/Src/gpio.o
 .debug_macro   0x00000000000137d2       0x89 ./Core/Src/gpio.o
 .debug_macro   0x000000000001385b      0x8e6 ./Core/Src/gpio.o
 .debug_macro   0x0000000000014141       0x47 ./Core/Src/gpio.o
 .debug_macro   0x0000000000014188      0x295 ./Core/Src/gpio.o
 .debug_macro   0x000000000001441d      0x126 ./Core/Src/gpio.o
 .debug_macro   0x0000000000014543       0xa0 ./Core/Src/gpio.o
 .debug_macro   0x00000000000145e3      0x200 ./Core/Src/i2c.o
 .debug_macro   0x00000000000147e3      0x3f2 ./Core/Src/main.o
 .debug_macro   0x0000000000014bd5       0x52 ./Core/Src/main.o
 .debug_macro   0x0000000000014c27       0x1e ./Core/Src/main.o
 .debug_macro   0x0000000000014c45       0x3c ./Core/Src/main.o
 .debug_macro   0x0000000000014c81       0x34 ./Core/Src/main.o
 .debug_macro   0x0000000000014cb5       0x16 ./Core/Src/main.o
 .debug_macro   0x0000000000014ccb       0x43 ./Core/Src/main.o
 .debug_macro   0x0000000000014d0e       0x34 ./Core/Src/main.o
 .debug_macro   0x0000000000014d42       0x10 ./Core/Src/main.o
 .debug_macro   0x0000000000014d52       0x58 ./Core/Src/main.o
 .debug_macro   0x0000000000014daa       0x71 ./Core/Src/main.o
 .debug_macro   0x0000000000014e1b       0x1c ./Core/Src/main.o
 .debug_macro   0x0000000000014e37      0x12a ./Core/Src/main.o
 .debug_macro   0x0000000000014f61      0x341 ./Core/Src/main.o
 .debug_macro   0x00000000000152a2       0x10 ./Core/Src/main.o
 .debug_macro   0x00000000000152b2       0x35 ./Core/Src/main.o
 .debug_macro   0x00000000000152e7       0x20 ./Core/Src/main.o
 .debug_macro   0x0000000000015307       0x1c ./Core/Src/main.o
 .debug_macro   0x0000000000015323       0x10 ./Core/Src/main.o
 .debug_macro   0x0000000000015333       0x10 ./Core/Src/main.o
 .debug_macro   0x0000000000015343       0x1c ./Core/Src/main.o
 .debug_macro   0x000000000001535f       0x52 ./Core/Src/main.o
 .debug_macro   0x00000000000153b1       0x22 ./Core/Src/main.o
 .debug_macro   0x00000000000153d3       0x10 ./Core/Src/main.o
 .debug_macro   0x00000000000153e3       0x52 ./Core/Src/main.o
 .debug_macro   0x0000000000015435       0xd5 ./Core/Src/main.o
 .debug_macro   0x000000000001550a       0x1c ./Core/Src/main.o
 .debug_macro   0x0000000000015526       0x3d ./Core/Src/main.o
 .debug_macro   0x0000000000015563       0x16 ./Core/Src/main.o
 .debug_macro   0x0000000000015579      0x145 ./Core/Src/main.o
 .debug_macro   0x00000000000156be       0x22 ./Core/Src/main.o
 .debug_macro   0x00000000000156e0       0x10 ./Core/Src/main.o
 .debug_macro   0x00000000000156f0       0x46 ./Core/Src/main.o
 .debug_macro   0x0000000000015736      0x1f6 ./Core/Src/stm32f4xx_hal_msp.o
 .debug_macro   0x000000000001592c      0x200 ./Core/Src/stm32f4xx_it.o
 .debug_macro   0x0000000000015b2c      0x1e7 ./Core/Src/system_stm32f4xx.o
 .debug_macro   0x0000000000015d13      0x200 ./Core/Src/tim.o
 .debug_macro   0x0000000000015f13      0x200 ./Core/Src/usart.o
 .debug_macro   0x0000000000016113      0x247 ./Drivers/STM32F4xx_HAL_Driver/Src/stm32f4xx_hal.o
 .debug_macro   0x000000000001635a      0x1e7 ./Drivers/STM32F4xx_HAL_Driver/Src/stm32f4xx_hal_cortex.o
 .debug_macro   0x0000000000016541      0x1ed ./Drivers/STM32F4xx_HAL_Driver/Src/stm32f4xx_hal_gpio.o
 .debug_macro   0x000000000001672e      0x22e ./Drivers/STM32F4xx_HAL_Driver/Src/stm32f4xx_hal_i2c.o
 .debug_macro   0x000000000001695c      0x20b ./Drivers/STM32F4xx_HAL_Driver/Src/stm32f4xx_hal_rcc.o
 .debug_macro   0x0000000000016b67      0x1e8 ./Drivers/STM32F4xx_HAL_Driver/Src/stm32f4xx_hal_tim.o
 .debug_macro   0x0000000000016d4f      0x1e7 ./Drivers/STM32F4xx_HAL_Driver/Src/stm32f4xx_hal_tim_ex.o
 .debug_macro   0x0000000000016f36      0x1e8 ./Drivers/STM32F4xx_HAL_Driver/Src/stm32f4xx_hal_uart.o
 .debug_macro   0x000000000001711e      0x214 ./at24c_xxx/src/at24c_xxx.o
 .debug_macro   0x0000000000017332      0x213 ./rgb_pwm/src/rgb_pwm.o
 .debug_macro   0x0000000000017545       0x1c ./rgb_pwm/src/rgb_pwm.o
 .debug_macro   0x0000000000017561      0x2e1 ./xprintf/src/edx_xprintf.o
 .debug_macro   0x0000000000017842       0x56 ./xprintf/src/edx_xprintf.o
 .debug_macro   0x0000000000017898       0x40 ./xprintf/src/edx_xprintf.o
 .debug_macro   0x00000000000178d8      0x2f9 ./xprintf/src/xprintf.o
 .debug_macro   0x0000000000017bd1       0x58 ./xprintf/src/xprintf.o
 .debug_macro   0x0000000000017c29      0x19b ./xprintf/src/xprintf.o

.debug_line     0x0000000000000000    0x16c12
 .debug_line    0x0000000000000000      0x89c ./Core/Src/gpio.o
 .debug_line    0x000000000000089c      0x8d5 ./Core/Src/i2c.o
 .debug_line    0x0000000000001171     0x1201 ./Core/Src/main.o
 .debug_line    0x0000000000002372      0x86b ./Core/Src/stm32f4xx_hal_msp.o
 .debug_line    0x0000000000002bdd      0x946 ./Core/Src/stm32f4xx_it.o
 .debug_line    0x0000000000003523      0x8ed ./Core/Src/system_stm32f4xx.o
 .debug_line    0x0000000000003e10      0x9be ./Core/Src/tim.o
 .debug_line    0x00000000000047ce      0x8d5 ./Core/Src/usart.o
 .debug_line    0x00000000000050a3       0x88 ./Core/Startup/startup_stm32f411ceux.o
 .debug_line    0x000000000000512b      0xb53 ./Drivers/STM32F4xx_HAL_Driver/Src/stm32f4xx_hal.o
 .debug_line    0x0000000000005c7e      0xe02 ./Drivers/STM32F4xx_HAL_Driver/Src/stm32f4xx_hal_cortex.o
 .debug_line    0x0000000000006a80      0xc8b ./Drivers/STM32F4xx_HAL_Driver/Src/stm32f4xx_hal_gpio.o
 .debug_line    0x000000000000770b     0x3b08 ./Drivers/STM32F4xx_HAL_Driver/Src/stm32f4xx_hal_i2c.o
 .debug_line    0x000000000000b213      0xecd ./Drivers/STM32F4xx_HAL_Driver/Src/stm32f4xx_hal_rcc.o
 .debug_line    0x000000000000c0e0     0x3621 ./Drivers/STM32F4xx_HAL_Driver/Src/stm32f4xx_hal_tim.o
 .debug_line    0x000000000000f701     0x1aeb ./Drivers/STM32F4xx_HAL_Driver/Src/stm32f4xx_hal_tim_ex.o
 .debug_line    0x00000000000111ec     0x2bf8 ./Drivers/STM32F4xx_HAL_Driver/Src/stm32f4xx_hal_uart.o
 .debug_line    0x0000000000013de4      0x997 ./at24c_xxx/src/at24c_xxx.o
 .debug_line    0x000000000001477b      0x8f5 ./rgb_pwm/src/rgb_pwm.o
 .debug_line    0x0000000000015070      0xb2f ./xprintf/src/edx_xprintf.o
 .debug_line    0x0000000000015b9f     0x1073 ./xprintf/src/xprintf.o

.debug_str      0x0000000000000000    0x91372
 .debug_str     0x0000000000000000    0x88448 ./Core/Src/gpio.o
                                      0x886d2 (size before relaxing)
 .debug_str     0x0000000000088448      0x538 ./Core/Src/i2c.o
                                      0x88c06 (size before relaxing)
 .debug_str     0x0000000000088980     0x46ad ./Core/Src/main.o
                                      0x8d08c (size before relaxing)
 .debug_str     0x000000000008d02d       0x2c ./Core/Src/stm32f4xx_hal_msp.o
                                      0x88607 (size before relaxing)
 .debug_str     0x000000000008d059       0xec ./Core/Src/stm32f4xx_it.o
                                      0x88ad9 (size before relaxing)
 .debug_str     0x000000000008d145       0xdb ./Core/Src/system_stm32f4xx.o
                                      0x8845a (size before relaxing)
 .debug_str     0x000000000008d220      0x5bc ./Core/Src/tim.o
                                      0x891e1 (size before relaxing)
 .debug_str     0x000000000008d7dc      0x205 ./Core/Src/usart.o
                                      0x88b67 (size before relaxing)
 .debug_str     0x000000000008d9e1       0x36 ./Core/Startup/startup_stm32f411ceux.o
                                         0x66 (size before relaxing)
 .debug_str     0x000000000008da17      0x60d ./Drivers/STM32F4xx_HAL_Driver/Src/stm32f4xx_hal.o
                                      0x88e86 (size before relaxing)
 .debug_str     0x000000000008e024      0x32d ./Drivers/STM32F4xx_HAL_Driver/Src/stm32f4xx_hal_cortex.o
                                      0x88ba7 (size before relaxing)
 .debug_str     0x000000000008e351       0xfd ./Drivers/STM32F4xx_HAL_Driver/Src/stm32f4xx_hal_gpio.o
                                      0x885d5 (size before relaxing)
 .debug_str     0x000000000008e44e      0xb15 ./Drivers/STM32F4xx_HAL_Driver/Src/stm32f4xx_hal_i2c.o
                                      0x89418 (size before relaxing)
 .debug_str     0x000000000008ef63      0x213 ./Drivers/STM32F4xx_HAL_Driver/Src/stm32f4xx_hal_rcc.o
                                      0x8888e (size before relaxing)
 .debug_str     0x000000000008f176      0xd0d ./Drivers/STM32F4xx_HAL_Driver/Src/stm32f4xx_hal_tim.o
                                      0x897c2 (size before relaxing)
 .debug_str     0x000000000008fe83      0x493 ./Drivers/STM32F4xx_HAL_Driver/Src/stm32f4xx_hal_tim_ex.o
                                      0x88fde (size before relaxing)
 .debug_str     0x0000000000090316      0x5fd ./Drivers/STM32F4xx_HAL_Driver/Src/stm32f4xx_hal_uart.o
                                      0x88e1b (size before relaxing)
 .debug_str     0x0000000000090913       0x7b ./at24c_xxx/src/at24c_xxx.o
                                      0x88b64 (size before relaxing)
 .debug_str     0x000000000009098e       0x30 ./rgb_pwm/src/rgb_pwm.o
                                      0x88b55 (size before relaxing)
 .debug_str     0x00000000000909be       0x3d ./xprintf/src/edx_xprintf.o
                                      0x8b8cd (size before relaxing)
 .debug_str     0x00000000000909fb      0x977 ./xprintf/src/xprintf.o
                                      0x8bdc9 (size before relaxing)

.comment        0x0000000000000000       0x50
 .comment       0x0000000000000000       0x50 ./Core/Src/gpio.o
                                         0x51 (size before relaxing)
 .comment       0x0000000000000050       0x51 ./Core/Src/i2c.o
 .comment       0x0000000000000050       0x51 ./Core/Src/main.o
 .comment       0x0000000000000050       0x51 ./Core/Src/stm32f4xx_hal_msp.o
 .comment       0x0000000000000050       0x51 ./Core/Src/stm32f4xx_it.o
 .comment       0x0000000000000050       0x51 ./Core/Src/system_stm32f4xx.o
 .comment       0x0000000000000050       0x51 ./Core/Src/tim.o
 .comment       0x0000000000000050       0x51 ./Core/Src/usart.o
 .comment       0x0000000000000050       0x51 ./Drivers/STM32F4xx_HAL_Driver/Src/stm32f4xx_hal.o
 .comment       0x0000000000000050       0x51 ./Drivers/STM32F4xx_HAL_Driver/Src/stm32f4xx_hal_cortex.o
 .comment       0x0000000000000050       0x51 ./Drivers/STM32F4xx_HAL_Driver/Src/stm32f4xx_hal_gpio.o
 .comment       0x0000000000000050       0x51 ./Drivers/STM32F4xx_HAL_Driver/Src/stm32f4xx_hal_i2c.o
 .comment       0x0000000000000050       0x51 ./Drivers/STM32F4xx_HAL_Driver/Src/stm32f4xx_hal_rcc.o
 .comment       0x0000000000000050       0x51 ./Drivers/STM32F4xx_HAL_Driver/Src/stm32f4xx_hal_tim.o
 .comment       0x0000000000000050       0x51 ./Drivers/STM32F4xx_HAL_Driver/Src/stm32f4xx_hal_tim_ex.o
 .comment       0x0000000000000050       0x51 ./Drivers/STM32F4xx_HAL_Driver/Src/stm32f4xx_hal_uart.o
 .comment       0x0000000000000050       0x51 ./at24c_xxx/src/at24c_xxx.o
 .comment       0x0000000000000050       0x51 ./rgb_pwm/src/rgb_pwm.o
 .comment       0x0000000000000050       0x51 ./xprintf/src/edx_xprintf.o
 .comment       0x0000000000000050       0x51 ./xprintf/src/xprintf.o

.debug_frame    0x0000000000000000     0x44dc
 .debug_frame   0x0000000000000000       0x34 ./Core/Src/gpio.o
 .debug_frame   0x0000000000000034       0x74 ./Core/Src/i2c.o
 .debug_frame   0x00000000000000a8      0x268 ./Core/Src/main.o
 .debug_frame   0x0000000000000310       0x38 ./Core/Src/stm32f4xx_hal_msp.o
 .debug_frame   0x0000000000000348      0x120 ./Core/Src/stm32f4xx_it.o
 .debug_frame   0x0000000000000468       0x58 ./Core/Src/system_stm32f4xx.o
 .debug_frame   0x00000000000004c0       0xc4 ./Core/Src/tim.o
 .debug_frame   0x0000000000000584       0x74 ./Core/Src/usart.o
 .debug_frame   0x00000000000005f8      0x374 ./Drivers/STM32F4xx_HAL_Driver/Src/stm32f4xx_hal.o
 .debug_frame   0x000000000000096c      0x498 ./Drivers/STM32F4xx_HAL_Driver/Src/stm32f4xx_hal_cortex.o
 .debug_frame   0x0000000000000e04      0x14c ./Drivers/STM32F4xx_HAL_Driver/Src/stm32f4xx_hal_gpio.o
 .debug_frame   0x0000000000000f50      0xc5c ./Drivers/STM32F4xx_HAL_Driver/Src/stm32f4xx_hal_i2c.o
 .debug_frame   0x0000000000001bac      0x1f4 ./Drivers/STM32F4xx_HAL_Driver/Src/stm32f4xx_hal_rcc.o
 .debug_frame   0x0000000000001da0     0x11bc ./Drivers/STM32F4xx_HAL_Driver/Src/stm32f4xx_hal_tim.o
 .debug_frame   0x0000000000002f5c      0x638 ./Drivers/STM32F4xx_HAL_Driver/Src/stm32f4xx_hal_tim_ex.o
 .debug_frame   0x0000000000003594      0x92c ./Drivers/STM32F4xx_HAL_Driver/Src/stm32f4xx_hal_uart.o
 .debug_frame   0x0000000000003ec0       0xa4 ./at24c_xxx/src/at24c_xxx.o
 .debug_frame   0x0000000000003f64       0x70 ./rgb_pwm/src/rgb_pwm.o
 .debug_frame   0x0000000000003fd4       0x70 ./xprintf/src/edx_xprintf.o
 .debug_frame   0x0000000000004044      0x1e8 ./xprintf/src/xprintf.o
 .debug_frame   0x000000000000422c       0x2c d:/archivos de programa/st/stm32cubeide_1.12.1/stm32cubeide/plugins/com.st.stm32cube.ide.mcu.externaltools.gnu-tools-for-stm32.10.3-2021.10.win32_1.0.200.202301161003/tools/bin/../lib/gcc/arm-none-eabi/10.3.1/../../../../arm-none-eabi/lib/thumb/v7e-m+fp/hard\libc_nano.a(lib_a-init.o)
 .debug_frame   0x0000000000004258       0x20 d:/archivos de programa/st/stm32cubeide_1.12.1/stm32cubeide/plugins/com.st.stm32cube.ide.mcu.externaltools.gnu-tools-for-stm32.10.3-2021.10.win32_1.0.200.202301161003/tools/bin/../lib/gcc/arm-none-eabi/10.3.1/../../../../arm-none-eabi/lib/thumb/v7e-m+fp/hard\libc_nano.a(lib_a-memset.o)
 .debug_frame   0x0000000000004278       0xac d:/archivos de programa/st/stm32cubeide_1.12.1/stm32cubeide/plugins/com.st.stm32cube.ide.mcu.externaltools.gnu-tools-for-stm32.10.3-2021.10.win32_1.0.200.202301161003/tools/bin/../lib/gcc/arm-none-eabi/10.3.1/thumb/v7e-m+fp/hard\libgcc.a(_arm_addsubdf3.o)
 .debug_frame   0x0000000000004324       0x50 d:/archivos de programa/st/stm32cubeide_1.12.1/stm32cubeide/plugins/com.st.stm32cube.ide.mcu.externaltools.gnu-tools-for-stm32.10.3-2021.10.win32_1.0.200.202301161003/tools/bin/../lib/gcc/arm-none-eabi/10.3.1/thumb/v7e-m+fp/hard\libgcc.a(_arm_muldivdf3.o)
 .debug_frame   0x0000000000004374       0xc4 d:/archivos de programa/st/stm32cubeide_1.12.1/stm32cubeide/plugins/com.st.stm32cube.ide.mcu.externaltools.gnu-tools-for-stm32.10.3-2021.10.win32_1.0.200.202301161003/tools/bin/../lib/gcc/arm-none-eabi/10.3.1/thumb/v7e-m+fp/hard\libgcc.a(_arm_cmpdf2.o)
 .debug_frame   0x0000000000004438       0x20 d:/archivos de programa/st/stm32cubeide_1.12.1/stm32cubeide/plugins/com.st.stm32cube.ide.mcu.externaltools.gnu-tools-for-stm32.10.3-2021.10.win32_1.0.200.202301161003/tools/bin/../lib/gcc/arm-none-eabi/10.3.1/thumb/v7e-m+fp/hard\libgcc.a(_arm_unorddf2.o)
 .debug_frame   0x0000000000004458       0x24 d:/archivos de programa/st/stm32cubeide_1.12.1/stm32cubeide/plugins/com.st.stm32cube.ide.mcu.externaltools.gnu-tools-for-stm32.10.3-2021.10.win32_1.0.200.202301161003/tools/bin/../lib/gcc/arm-none-eabi/10.3.1/thumb/v7e-m+fp/hard\libgcc.a(_arm_fixdfsi.o)
 .debug_frame   0x000000000000447c       0x2c d:/archivos de programa/st/stm32cubeide_1.12.1/stm32cubeide/plugins/com.st.stm32cube.ide.mcu.externaltools.gnu-tools-for-stm32.10.3-2021.10.win32_1.0.200.202301161003/tools/bin/../lib/gcc/arm-none-eabi/10.3.1/thumb/v7e-m+fp/hard\libgcc.a(_aeabi_uldivmod.o)
 .debug_frame   0x00000000000044a8       0x34 d:/archivos de programa/st/stm32cubeide_1.12.1/stm32cubeide/plugins/com.st.stm32cube.ide.mcu.externaltools.gnu-tools-for-stm32.10.3-2021.10.win32_1.0.200.202301161003/tools/bin/../lib/gcc/arm-none-eabi/10.3.1/thumb/v7e-m+fp/hard\libgcc.a(_udivmoddi4.o)
